Dec 24 12:09:04 ip-172-31-40-173 kernel: Linux version 5.10.245-245.983.amzn2.x86_64 (mockbuild@ip-10-0-59-72) (gcc10-gcc (GCC) 10.5.0 20230707 (Red Hat 10.5.0-1), GNU ld version 2.35.2-9.amzn2.0.5) #1 SMP Wed Dec 3 00:02:10 UTC 2025
Dec 24 12:09:04 ip-172-31-40-173 kernel: Command line: BOOT_IMAGE=/boot/vmlinuz-5.10.245-245.983.amzn2.x86_64 root=UUID=9cf211ea-1ba8-4042-8a38-8645bac20eb1 ro console=tty0 console=ttyS0,115200n8 net.ifnames=0 biosdevname=0 nvme_core.io_timeout=4294967295 rd.emergency=poweroff rd.shell=0
Dec 24 12:09:04 ip-172-31-40-173 kernel: KASLR enabled
Dec 24 12:09:04 ip-172-31-40-173 kernel: BIOS-provided physical RAM map:
Dec 24 12:09:04 ip-172-31-40-173 kernel: BIOS-e820: [mem 0x0000000000000000-0x000000000009fbff] usable
Dec 24 12:09:04 ip-172-31-40-173 kernel: BIOS-e820: [mem 0x000000000009fc00-0x000000000009ffff] reserved
Dec 24 12:09:04 ip-172-31-40-173 kernel: BIOS-e820: [mem 0x00000000000f0000-0x00000000000fffff] reserved
Dec 24 12:09:04 ip-172-31-40-173 kernel: BIOS-e820: [mem 0x0000000000100000-0x000000003e3e9fff] usable
Dec 24 12:09:04 ip-172-31-40-173 kernel: BIOS-e820: [mem 0x000000003e3ea000-0x000000003fffffff] reserved
Dec 24 12:09:04 ip-172-31-40-173 kernel: BIOS-e820: [mem 0x00000000e0000000-0x00000000e03fffff] reserved
Dec 24 12:09:04 ip-172-31-40-173 kernel: BIOS-e820: [mem 0x00000000fffc0000-0x00000000ffffffff] reserved
Dec 24 12:09:04 ip-172-31-40-173 kernel: NX (Execute Disable) protection: active
Dec 24 12:09:04 ip-172-31-40-173 kernel: SMBIOS 2.7 present.
Dec 24 12:09:04 ip-172-31-40-173 kernel: DMI: Amazon EC2 t3.micro/, BIOS 1.0 10/16/2017
Dec 24 12:09:04 ip-172-31-40-173 kernel: Hypervisor detected: KVM
Dec 24 12:09:04 ip-172-31-40-173 kernel: kvm-clock: Using msrs 4b564d01 and 4b564d00
Dec 24 12:09:04 ip-172-31-40-173 kernel: kvm-clock: cpu 0, msr 27a01001, primary cpu clock
Dec 24 12:09:04 ip-172-31-40-173 kernel: kvm-clock: using sched offset of 2539197403 cycles
Dec 24 12:09:04 ip-172-31-40-173 kernel: clocksource: kvm-clock: mask: 0xffffffffffffffff max_cycles: 0x1cd42e4dffb, max_idle_ns: 881590591483 ns
Dec 24 12:09:04 ip-172-31-40-173 kernel: tsc: Detected 2499.996 MHz processor
Dec 24 12:09:04 ip-172-31-40-173 kernel: last_pfn = 0x3e3ea max_arch_pfn = 0x400000000
Dec 24 12:09:04 ip-172-31-40-173 kernel: x86/PAT: Configuration [0-7]: WB  WC  UC- UC  WB  WP  UC- WT  
Dec 24 12:09:04 ip-172-31-40-173 kernel: check: Scanning 1 areas for low memory corruption
Dec 24 12:09:04 ip-172-31-40-173 kernel: Using GB pages for direct mapping
Dec 24 12:09:04 ip-172-31-40-173 kernel: RAMDISK: [mem 0x360ab000-0x3704cfff]
Dec 24 12:09:04 ip-172-31-40-173 kernel: ACPI: Early table checksum verification disabled
Dec 24 12:09:04 ip-172-31-40-173 kernel: ACPI: RSDP 0x00000000000F8F40 000014 (v00 AMAZON)
Dec 24 12:09:04 ip-172-31-40-173 kernel: ACPI: RSDT 0x000000003E3EE350 000044 (v01 AMAZON AMZNRSDT 00000001 AMZN 00000001)
Dec 24 12:09:04 ip-172-31-40-173 kernel: ACPI: FACP 0x000000003E3EFF80 000074 (v01 AMAZON AMZNFACP 00000001 AMZN 00000001)
Dec 24 12:09:04 ip-172-31-40-173 kernel: ACPI: DSDT 0x000000003E3EE3A0 0010E9 (v01 AMAZON AMZNDSDT 00000001 AMZN 00000001)
Dec 24 12:09:04 ip-172-31-40-173 kernel: ACPI: FACS 0x000000003E3EFF40 000040
Dec 24 12:09:04 ip-172-31-40-173 kernel: ACPI: SSDT 0x000000003E3EF6C0 00087A (v01 AMAZON AMZNSSDT 00000001 AMZN 00000001)
Dec 24 12:09:04 ip-172-31-40-173 kernel: ACPI: APIC 0x000000003E3EF5D0 000076 (v01 AMAZON AMZNAPIC 00000001 AMZN 00000001)
Dec 24 12:09:04 ip-172-31-40-173 kernel: ACPI: SRAT 0x000000003E3EF530 0000A0 (v01 AMAZON AMZNSRAT 00000001 AMZN 00000001)
Dec 24 12:09:04 ip-172-31-40-173 kernel: ACPI: SLIT 0x000000003E3EF4C0 00006C (v01 AMAZON AMZNSLIT 00000001 AMZN 00000001)
Dec 24 12:09:04 ip-172-31-40-173 kernel: ACPI: WAET 0x000000003E3EF490 000028 (v01 AMAZON AMZNWAET 00000001 AMZN 00000001)
Dec 24 12:09:04 ip-172-31-40-173 kernel: ACPI: HPET 0x00000000000C9000 000038 (v01 AMAZON AMZNHPET 00000001 AMZN 00000001)
Dec 24 12:09:04 ip-172-31-40-173 kernel: ACPI: SSDT 0x00000000000C9040 00007B (v01 AMAZON AMZNSSDT 00000001 AMZN 00000001)
Dec 24 12:09:04 ip-172-31-40-173 kernel: ACPI: Reserving FACP table memory at [mem 0x3e3eff80-0x3e3efff3]
Dec 24 12:09:04 ip-172-31-40-173 kernel: ACPI: Reserving DSDT table memory at [mem 0x3e3ee3a0-0x3e3ef488]
Dec 24 12:09:04 ip-172-31-40-173 kernel: ACPI: Reserving FACS table memory at [mem 0x3e3eff40-0x3e3eff7f]
Dec 24 12:09:04 ip-172-31-40-173 kernel: ACPI: Reserving SSDT table memory at [mem 0x3e3ef6c0-0x3e3eff39]
Dec 24 12:09:04 ip-172-31-40-173 kernel: ACPI: Reserving APIC table memory at [mem 0x3e3ef5d0-0x3e3ef645]
Dec 24 12:09:04 ip-172-31-40-173 kernel: ACPI: Reserving SRAT table memory at [mem 0x3e3ef530-0x3e3ef5cf]
Dec 24 12:09:04 ip-172-31-40-173 kernel: ACPI: Reserving SLIT table memory at [mem 0x3e3ef4c0-0x3e3ef52b]
Dec 24 12:09:04 ip-172-31-40-173 kernel: ACPI: Reserving WAET table memory at [mem 0x3e3ef490-0x3e3ef4b7]
Dec 24 12:09:04 ip-172-31-40-173 kernel: ACPI: Reserving HPET table memory at [mem 0xc9000-0xc9037]
Dec 24 12:09:04 ip-172-31-40-173 kernel: ACPI: Reserving SSDT table memory at [mem 0xc9040-0xc90ba]
Dec 24 12:09:04 ip-172-31-40-173 kernel: SRAT: PXM 0 -> APIC 0x00 -> Node 0
Dec 24 12:09:04 ip-172-31-40-173 kernel: SRAT: PXM 0 -> APIC 0x01 -> Node 0
Dec 24 12:09:04 ip-172-31-40-173 kernel: ACPI: SRAT: Node 0 PXM 0 [mem 0x00000000-0x3fffffff]
Dec 24 12:09:04 ip-172-31-40-173 kernel: NODE_DATA(0) allocated [mem 0x3e3c7000-0x3e3e8fff]
Dec 24 12:09:04 ip-172-31-40-173 kernel: Zone ranges:
Dec 24 12:09:04 ip-172-31-40-173 kernel:  DMA      [mem 0x0000000000001000-0x0000000000ffffff]
Dec 24 12:09:04 ip-172-31-40-173 kernel:  DMA32    [mem 0x0000000001000000-0x000000003e3e9fff]
Dec 24 12:09:04 ip-172-31-40-173 kernel:  Normal   empty
Dec 24 12:09:04 ip-172-31-40-173 kernel: Movable zone start for each node
Dec 24 12:09:04 ip-172-31-40-173 kernel: Early memory node ranges
Dec 24 12:09:04 ip-172-31-40-173 kernel:  node   0: [mem 0x0000000000001000-0x000000000009efff]
Dec 24 12:09:04 ip-172-31-40-173 kernel:  node   0: [mem 0x0000000000100000-0x000000003e3e9fff]
Dec 24 12:09:04 ip-172-31-40-173 kernel: Initmem setup node 0 [mem 0x0000000000001000-0x000000003e3e9fff]
Dec 24 12:09:04 ip-172-31-40-173 kernel: On node 0, zone DMA: 1 pages in unavailable ranges
Dec 24 12:09:04 ip-172-31-40-173 kernel: On node 0, zone DMA: 97 pages in unavailable ranges
Dec 24 12:09:04 ip-172-31-40-173 kernel: On node 0, zone DMA32: 7190 pages in unavailable ranges
Dec 24 12:09:04 ip-172-31-40-173 kernel: ACPI: PM-Timer IO Port: 0xb008
Dec 24 12:09:04 ip-172-31-40-173 kernel: ACPI: LAPIC_NMI (acpi_id[0xff] dfl dfl lint[0x1])
Dec 24 12:09:04 ip-172-31-40-173 kernel: IOAPIC[0]: apic_id 0, version 32, address 0xfec00000, GSI 0-23
Dec 24 12:09:04 ip-172-31-40-173 kernel: ACPI: INT_SRC_OVR (bus 0 bus_irq 5 global_irq 5 high level)
Dec 24 12:09:04 ip-172-31-40-173 kernel: ACPI: INT_SRC_OVR (bus 0 bus_irq 9 global_irq 9 high level)
Dec 24 12:09:04 ip-172-31-40-173 kernel: ACPI: INT_SRC_OVR (bus 0 bus_irq 10 global_irq 10 high level)
Dec 24 12:09:04 ip-172-31-40-173 kernel: ACPI: INT_SRC_OVR (bus 0 bus_irq 11 global_irq 11 high level)
Dec 24 12:09:04 ip-172-31-40-173 kernel: Using ACPI (MADT) for SMP configuration information
Dec 24 12:09:04 ip-172-31-40-173 kernel: ACPI: HPET id: 0x8086a201 base: 0xfed00000
Dec 24 12:09:04 ip-172-31-40-173 kernel: TSC deadline timer available
Dec 24 12:09:04 ip-172-31-40-173 kernel: smpboot: Allowing 2 CPUs, 0 hotplug CPUs
Dec 24 12:09:04 ip-172-31-40-173 kernel: PM: hibernation: Registered nosave memory: [mem 0x00000000-0x00000fff]
Dec 24 12:09:04 ip-172-31-40-173 kernel: PM: hibernation: Registered nosave memory: [mem 0x0009f000-0x000fffff]
Dec 24 12:09:04 ip-172-31-40-173 kernel: [mem 0x40000000-0xdfffffff] available for PCI devices
Dec 24 12:09:04 ip-172-31-40-173 kernel: Booting paravirtualized kernel on KVM
Dec 24 12:09:04 ip-172-31-40-173 kernel: clocksource: refined-jiffies: mask: 0xffffffff max_cycles: 0xffffffff, max_idle_ns: 7645519600211568 ns
Dec 24 12:09:04 ip-172-31-40-173 kernel: setup_percpu: NR_CPUS:8192 nr_cpumask_bits:2 nr_cpu_ids:2 nr_node_ids:1
Dec 24 12:09:04 ip-172-31-40-173 kernel: percpu: Embedded 62 pages/cpu s217088 r8192 d28672 u1048576
Dec 24 12:09:04 ip-172-31-40-173 kernel: kvm-guest: stealtime: cpu 0, msr 3d034080
Dec 24 12:09:04 ip-172-31-40-173 kernel: kvm-guest: PV spinlocks enabled
Dec 24 12:09:04 ip-172-31-40-173 kernel: PV qspinlock hash table entries: 256 (order: 0, 4096 bytes, linear)
Dec 24 12:09:04 ip-172-31-40-173 kernel: Built 1 zonelists, mobility grouping on.  Total pages: 250851
Dec 24 12:09:04 ip-172-31-40-173 kernel: Policy zone: DMA32
Dec 24 12:09:04 ip-172-31-40-173 kernel: Kernel command line: BOOT_IMAGE=/boot/vmlinuz-5.10.245-245.983.amzn2.x86_64 root=UUID=9cf211ea-1ba8-4042-8a38-8645bac20eb1 ro console=tty0 console=ttyS0,115200n8 net.ifnames=0 biosdevname=0 nvme_core.io_timeout=4294967295 rd.emergency=poweroff rd.shell=0
Dec 24 12:09:04 ip-172-31-40-173 kernel: Fallback order for Node 0: 0 
Dec 24 12:09:04 ip-172-31-40-173 kernel: Dentry cache hash table entries: 131072 (order: 8, 1048576 bytes, linear)
Dec 24 12:09:04 ip-172-31-40-173 kernel: Inode-cache hash table entries: 65536 (order: 7, 524288 bytes, linear)
Dec 24 12:09:04 ip-172-31-40-173 kernel: mem auto-init: stack:off, heap alloc:off, heap free:off
Dec 24 12:09:04 ip-172-31-40-173 kernel: Memory: 261408K/1019424K available (12301K kernel code, 9446K rwdata, 8076K rodata, 2476K init, 6436K bss, 79808K reserved, 0K cma-reserved)
Dec 24 12:09:04 ip-172-31-40-173 kernel: SLUB: HWalign=64, Order=0-3, MinObjects=0, CPUs=2, Nodes=1
Dec 24 12:09:04 ip-172-31-40-173 kernel: Kernel/User page tables isolation: enabled
Dec 24 12:09:04 ip-172-31-40-173 kernel: ftrace: allocating 40236 entries in 158 pages
Dec 24 12:09:04 ip-172-31-40-173 kernel: ftrace: allocated 158 pages with 5 groups
Dec 24 12:09:04 ip-172-31-40-173 kernel: rcu: Hierarchical RCU implementation.
Dec 24 12:09:04 ip-172-31-40-173 kernel: rcu: #011RCU restricting CPUs from NR_CPUS=8192 to nr_cpu_ids=2.
Dec 24 12:09:04 ip-172-31-40-173 kernel: #011Rude variant of Tasks RCU enabled.
Dec 24 12:09:04 ip-172-31-40-173 kernel: #011Tracing variant of Tasks RCU enabled.
Dec 24 12:09:04 ip-172-31-40-173 kernel: rcu: RCU calculated value of scheduler-enlistment delay is 25 jiffies.
Dec 24 12:09:04 ip-172-31-40-173 kernel: rcu: Adjusting geometry for rcu_fanout_leaf=16, nr_cpu_ids=2
Dec 24 12:09:04 ip-172-31-40-173 kernel: NR_IRQS: 524544, nr_irqs: 440, preallocated irqs: 16
Dec 24 12:09:04 ip-172-31-40-173 kernel: random: crng init done
Dec 24 12:09:04 ip-172-31-40-173 kernel: Console: colour VGA+ 80x25
Dec 24 12:09:04 ip-172-31-40-173 kernel: printk: console [tty0] enabled
Dec 24 12:09:04 ip-172-31-40-173 kernel: printk: console [ttyS0] enabled
Dec 24 12:09:04 ip-172-31-40-173 kernel: ACPI: Core revision 20200925
Dec 24 12:09:04 ip-172-31-40-173 kernel: clocksource: hpet: mask: 0xffffffff max_cycles: 0xffffffff, max_idle_ns: 30580167144 ns
Dec 24 12:09:04 ip-172-31-40-173 kernel: APIC: Switch to symmetric I/O mode setup
Dec 24 12:09:04 ip-172-31-40-173 kernel: x2apic enabled
Dec 24 12:09:04 ip-172-31-40-173 kernel: Switched APIC routing to physical x2apic.
Dec 24 12:09:04 ip-172-31-40-173 kernel: clocksource: tsc-early: mask: 0xffffffffffffffff max_cycles: 0x24093623c91, max_idle_ns: 440795291220 ns
Dec 24 12:09:04 ip-172-31-40-173 kernel: Calibrating delay loop (skipped) preset value.. 4999.99 BogoMIPS (lpj=9999984)
Dec 24 12:09:04 ip-172-31-40-173 kernel: Last level iTLB entries: 4KB 64, 2MB 8, 4MB 8
Dec 24 12:09:04 ip-172-31-40-173 kernel: Last level dTLB entries: 4KB 64, 2MB 32, 4MB 32, 1GB 4
Dec 24 12:09:04 ip-172-31-40-173 kernel: Spectre V1 : Mitigation: usercopy/swapgs barriers and __user pointer sanitization
Dec 24 12:09:04 ip-172-31-40-173 kernel: Spectre V2 : Mitigation: Retpolines
Dec 24 12:09:04 ip-172-31-40-173 kernel: Spectre V2 : Spectre v2 / SpectreRSB mitigation: Filling RSB on context switch
Dec 24 12:09:04 ip-172-31-40-173 kernel: Spectre V2 : Spectre v2 / SpectreRSB : Filling RSB on VMEXIT
Dec 24 12:09:04 ip-172-31-40-173 kernel: RETBleed: WARNING: Spectre v2 mitigation leaves CPU vulnerable to RETBleed attacks, data leaks possible!
Dec 24 12:09:04 ip-172-31-40-173 kernel: RETBleed: Vulnerable
Dec 24 12:09:04 ip-172-31-40-173 kernel: Speculative Store Bypass: Vulnerable
Dec 24 12:09:04 ip-172-31-40-173 kernel: MDS: Vulnerable: Clear CPU buffers attempted, no microcode
Dec 24 12:09:04 ip-172-31-40-173 kernel: MMIO Stale Data: Vulnerable: Clear CPU buffers attempted, no microcode
Dec 24 12:09:04 ip-172-31-40-173 kernel: GDS: Unknown: Dependent on hypervisor status
Dec 24 12:09:04 ip-172-31-40-173 kernel: active return thunk: its_return_thunk
Dec 24 12:09:04 ip-172-31-40-173 kernel: ITS: Mitigation: Aligned branch/return thunks
Dec 24 12:09:04 ip-172-31-40-173 kernel: x86/fpu: Supporting XSAVE feature 0x001: 'x87 floating point registers'
Dec 24 12:09:04 ip-172-31-40-173 kernel: x86/fpu: Supporting XSAVE feature 0x002: 'SSE registers'
Dec 24 12:09:04 ip-172-31-40-173 kernel: x86/fpu: Supporting XSAVE feature 0x004: 'AVX registers'
Dec 24 12:09:04 ip-172-31-40-173 kernel: x86/fpu: Supporting XSAVE feature 0x008: 'MPX bounds registers'
Dec 24 12:09:04 ip-172-31-40-173 kernel: x86/fpu: Supporting XSAVE feature 0x010: 'MPX CSR'
Dec 24 12:09:04 ip-172-31-40-173 kernel: x86/fpu: Supporting XSAVE feature 0x020: 'AVX-512 opmask'
Dec 24 12:09:04 ip-172-31-40-173 kernel: x86/fpu: Supporting XSAVE feature 0x040: 'AVX-512 Hi256'
Dec 24 12:09:04 ip-172-31-40-173 kernel: x86/fpu: Supporting XSAVE feature 0x080: 'AVX-512 ZMM_Hi256'
Dec 24 12:09:04 ip-172-31-40-173 kernel: x86/fpu: Supporting XSAVE feature 0x200: 'Protection Keys User registers'
Dec 24 12:09:04 ip-172-31-40-173 kernel: x86/fpu: xstate_offset[2]:  576, xstate_sizes[2]:  256
Dec 24 12:09:04 ip-172-31-40-173 kernel: x86/fpu: xstate_offset[3]:  832, xstate_sizes[3]:   64
Dec 24 12:09:04 ip-172-31-40-173 kernel: x86/fpu: xstate_offset[4]:  896, xstate_sizes[4]:   64
Dec 24 12:09:04 ip-172-31-40-173 kernel: x86/fpu: xstate_offset[5]:  960, xstate_sizes[5]:   64
Dec 24 12:09:04 ip-172-31-40-173 kernel: x86/fpu: xstate_offset[6]: 1024, xstate_sizes[6]:  512
Dec 24 12:09:04 ip-172-31-40-173 kernel: x86/fpu: xstate_offset[7]: 1536, xstate_sizes[7]: 1024
Dec 24 12:09:04 ip-172-31-40-173 kernel: x86/fpu: xstate_offset[9]: 2560, xstate_sizes[9]:    8
Dec 24 12:09:04 ip-172-31-40-173 kernel: x86/fpu: Enabled xstate features 0x2ff, context size is 2568 bytes, using 'compacted' format.
Dec 24 12:09:04 ip-172-31-40-173 kernel: Freeing SMP alternatives memory: 32K
Dec 24 12:09:04 ip-172-31-40-173 kernel: pid_max: default: 32768 minimum: 301
Dec 24 12:09:04 ip-172-31-40-173 kernel: LSM: Security Framework initializing
Dec 24 12:09:04 ip-172-31-40-173 kernel: Yama: becoming mindful.
Dec 24 12:09:04 ip-172-31-40-173 kernel: SELinux:  Initializing.
Dec 24 12:09:04 ip-172-31-40-173 kernel: LSM support for eBPF active
Dec 24 12:09:04 ip-172-31-40-173 kernel: Mount-cache hash table entries: 2048 (order: 2, 16384 bytes, linear)
Dec 24 12:09:04 ip-172-31-40-173 kernel: Mountpoint-cache hash table entries: 2048 (order: 2, 16384 bytes, linear)
Dec 24 12:09:04 ip-172-31-40-173 kernel: smpboot: CPU0: Intel(R) Xeon(R) Platinum 8259CL CPU @ 2.50GHz (family: 0x6, model: 0x55, stepping: 0x7)
Dec 24 12:09:04 ip-172-31-40-173 kernel: Performance Events: unsupported p6 CPU model 85 no PMU driver, software events only.
Dec 24 12:09:04 ip-172-31-40-173 kernel: rcu: Hierarchical SRCU implementation.
Dec 24 12:09:04 ip-172-31-40-173 kernel: NMI watchdog: Perf NMI watchdog permanently disabled
Dec 24 12:09:04 ip-172-31-40-173 kernel: smp: Bringing up secondary CPUs ...
Dec 24 12:09:04 ip-172-31-40-173 kernel: x86: Booting SMP configuration:
Dec 24 12:09:04 ip-172-31-40-173 kernel: .... node  #0, CPUs:      #1
Dec 24 12:09:04 ip-172-31-40-173 kernel: kvm-clock: cpu 1, msr 27a01041, secondary cpu clock
Dec 24 12:09:04 ip-172-31-40-173 kernel: kvm-guest: stealtime: cpu 1, msr 3d134080
Dec 24 12:09:04 ip-172-31-40-173 kernel: MDS CPU bug present and SMT on, data leak possible. See https://www.kernel.org/doc/html/latest/admin-guide/hw-vuln/mds.html for more details.
Dec 24 12:09:04 ip-172-31-40-173 kernel: MMIO Stale Data CPU bug present and SMT on, data leak possible. See https://www.kernel.org/doc/html/latest/admin-guide/hw-vuln/processor_mmio_stale_data.html for more details.
Dec 24 12:09:04 ip-172-31-40-173 kernel: smp: Brought up 1 node, 2 CPUs
Dec 24 12:09:04 ip-172-31-40-173 kernel: smpboot: Max logical packages: 1
Dec 24 12:09:04 ip-172-31-40-173 kernel: smpboot: Total of 2 processors activated (9999.98 BogoMIPS)
Dec 24 12:09:04 ip-172-31-40-173 kernel: node 0 deferred pages initialised in 0ms
Dec 24 12:09:04 ip-172-31-40-173 kernel: devtmpfs: initialized
Dec 24 12:09:04 ip-172-31-40-173 kernel: x86/mm: Memory block size: 128MB
Dec 24 12:09:04 ip-172-31-40-173 kernel: clocksource: jiffies: mask: 0xffffffff max_cycles: 0xffffffff, max_idle_ns: 7645041785100000 ns
Dec 24 12:09:04 ip-172-31-40-173 kernel: futex hash table entries: 512 (order: 3, 32768 bytes, linear)
Dec 24 12:09:04 ip-172-31-40-173 kernel: NET: Registered protocol family 16
Dec 24 12:09:04 ip-172-31-40-173 kernel: DMA: preallocated 128 KiB GFP_KERNEL pool for atomic allocations
Dec 24 12:09:04 ip-172-31-40-173 kernel: DMA: preallocated 128 KiB GFP_KERNEL|GFP_DMA pool for atomic allocations
Dec 24 12:09:04 ip-172-31-40-173 kernel: DMA: preallocated 128 KiB GFP_KERNEL|GFP_DMA32 pool for atomic allocations
Dec 24 12:09:04 ip-172-31-40-173 kernel: audit: initializing netlink subsys (disabled)
Dec 24 12:09:04 ip-172-31-40-173 kernel: audit: type=2000 audit(1766578142.460:1): state=initialized audit_enabled=0 res=1
Dec 24 12:09:04 ip-172-31-40-173 kernel: thermal_sys: Registered thermal governor 'fair_share'
Dec 24 12:09:04 ip-172-31-40-173 kernel: thermal_sys: Registered thermal governor 'step_wise'
Dec 24 12:09:04 ip-172-31-40-173 kernel: thermal_sys: Registered thermal governor 'user_space'
Dec 24 12:09:04 ip-172-31-40-173 kernel: cpuidle: using governor ladder
Dec 24 12:09:04 ip-172-31-40-173 kernel: cpuidle: using governor menu
Dec 24 12:09:04 ip-172-31-40-173 kernel: ACPI: bus type PCI registered
Dec 24 12:09:04 ip-172-31-40-173 kernel: acpiphp: ACPI Hot Plug PCI Controller Driver version: 0.5
Dec 24 12:09:04 ip-172-31-40-173 kernel: PCI: Using configuration type 1 for base access
Dec 24 12:09:04 ip-172-31-40-173 kernel: Kprobes globally optimized
Dec 24 12:09:04 ip-172-31-40-173 kernel: HugeTLB registered 1.00 GiB page size, pre-allocated 0 pages
Dec 24 12:09:04 ip-172-31-40-173 kernel: HugeTLB registered 2.00 MiB page size, pre-allocated 0 pages
Dec 24 12:09:04 ip-172-31-40-173 kernel: ACPI: Added _OSI(Module Device)
Dec 24 12:09:04 ip-172-31-40-173 kernel: ACPI: Added _OSI(Processor Device)
Dec 24 12:09:04 ip-172-31-40-173 kernel: ACPI: Added _OSI(Processor Aggregator Device)
Dec 24 12:09:04 ip-172-31-40-173 kernel: ACPI: Added _OSI(Linux-Dell-Video)
Dec 24 12:09:04 ip-172-31-40-173 kernel: ACPI: Added _OSI(Linux-Lenovo-NV-HDMI-Audio)
Dec 24 12:09:04 ip-172-31-40-173 kernel: ACPI: Added _OSI(Linux-HPI-Hybrid-Graphics)
Dec 24 12:09:04 ip-172-31-40-173 kernel: ACPI: 3 ACPI AML tables successfully acquired and loaded
Dec 24 12:09:04 ip-172-31-40-173 kernel: ACPI: Interpreter enabled
Dec 24 12:09:04 ip-172-31-40-173 kernel: ACPI: (supports S0 S4 S5)
Dec 24 12:09:04 ip-172-31-40-173 kernel: ACPI: Using IOAPIC for interrupt routing
Dec 24 12:09:04 ip-172-31-40-173 kernel: PCI: Using host bridge windows from ACPI; if necessary, use "pci=nocrs" and report a bug
Dec 24 12:09:04 ip-172-31-40-173 kernel: ACPI: Enabled 16 GPEs in block 00 to 0F
Dec 24 12:09:04 ip-172-31-40-173 kernel: ACPI: PCI Root Bridge [PCI0] (domain 0000 [bus 00-ff])
Dec 24 12:09:04 ip-172-31-40-173 kernel: acpi PNP0A03:00: _OSC: OS supports [ASPM ClockPM Segments MSI HPX-Type3]
Dec 24 12:09:04 ip-172-31-40-173 kernel: acpi PNP0A03:00: fail to add MMCONFIG information, can't access extended PCI configuration space under this bridge.
Dec 24 12:09:04 ip-172-31-40-173 kernel: acpiphp: Slot [3] registered
Dec 24 12:09:04 ip-172-31-40-173 kernel: acpiphp: Slot [4] registered
Dec 24 12:09:04 ip-172-31-40-173 kernel: acpiphp: Slot [5] registered
Dec 24 12:09:04 ip-172-31-40-173 kernel: acpiphp: Slot [6] registered
Dec 24 12:09:04 ip-172-31-40-173 kernel: acpiphp: Slot [7] registered
Dec 24 12:09:04 ip-172-31-40-173 kernel: acpiphp: Slot [8] registered
Dec 24 12:09:04 ip-172-31-40-173 kernel: acpiphp: Slot [9] registered
Dec 24 12:09:04 ip-172-31-40-173 kernel: acpiphp: Slot [10] registered
Dec 24 12:09:04 ip-172-31-40-173 kernel: acpiphp: Slot [11] registered
Dec 24 12:09:04 ip-172-31-40-173 kernel: acpiphp: Slot [12] registered
Dec 24 12:09:04 ip-172-31-40-173 kernel: acpiphp: Slot [13] registered
Dec 24 12:09:04 ip-172-31-40-173 kernel: acpiphp: Slot [14] registered
Dec 24 12:09:04 ip-172-31-40-173 kernel: acpiphp: Slot [15] registered
Dec 24 12:09:04 ip-172-31-40-173 kernel: acpiphp: Slot [16] registered
Dec 24 12:09:04 ip-172-31-40-173 kernel: acpiphp: Slot [17] registered
Dec 24 12:09:04 ip-172-31-40-173 kernel: acpiphp: Slot [18] registered
Dec 24 12:09:04 ip-172-31-40-173 kernel: acpiphp: Slot [19] registered
Dec 24 12:09:04 ip-172-31-40-173 kernel: acpiphp: Slot [20] registered
Dec 24 12:09:04 ip-172-31-40-173 kernel: acpiphp: Slot [21] registered
Dec 24 12:09:04 ip-172-31-40-173 kernel: acpiphp: Slot [22] registered
Dec 24 12:09:04 ip-172-31-40-173 kernel: acpiphp: Slot [23] registered
Dec 24 12:09:04 ip-172-31-40-173 kernel: acpiphp: Slot [24] registered
Dec 24 12:09:04 ip-172-31-40-173 kernel: acpiphp: Slot [25] registered
Dec 24 12:09:04 ip-172-31-40-173 kernel: acpiphp: Slot [26] registered
Dec 24 12:09:04 ip-172-31-40-173 kernel: acpiphp: Slot [27] registered
Dec 24 12:09:04 ip-172-31-40-173 kernel: acpiphp: Slot [28] registered
Dec 24 12:09:04 ip-172-31-40-173 kernel: acpiphp: Slot [29] registered
Dec 24 12:09:04 ip-172-31-40-173 kernel: acpiphp: Slot [30] registered
Dec 24 12:09:04 ip-172-31-40-173 kernel: acpiphp: Slot [31] registered
Dec 24 12:09:04 ip-172-31-40-173 kernel: PCI host bridge to bus 0000:00
Dec 24 12:09:04 ip-172-31-40-173 kernel: pci_bus 0000:00: root bus resource [io  0x0000-0x0cf7 window]
Dec 24 12:09:04 ip-172-31-40-173 kernel: pci_bus 0000:00: root bus resource [io  0x0d00-0xffff window]
Dec 24 12:09:04 ip-172-31-40-173 kernel: pci_bus 0000:00: root bus resource [mem 0x000a0000-0x000bffff window]
Dec 24 12:09:04 ip-172-31-40-173 kernel: pci_bus 0000:00: root bus resource [mem 0x80000000-0xfebfffff window]
Dec 24 12:09:04 ip-172-31-40-173 kernel: pci_bus 0000:00: root bus resource [bus 00-ff]
Dec 24 12:09:04 ip-172-31-40-173 kernel: pci 0000:00:00.0: [8086:1237] type 00 class 0x060000
Dec 24 12:09:04 ip-172-31-40-173 kernel: pci 0000:00:01.0: [8086:7000] type 00 class 0x060100
Dec 24 12:09:04 ip-172-31-40-173 kernel: pci 0000:00:01.3: [8086:7113] type 00 class 0x000000
Dec 24 12:09:04 ip-172-31-40-173 kernel: pci 0000:00:01.3: quirk: [io  0xb000-0xb03f] claimed by PIIX4 ACPI
Dec 24 12:09:04 ip-172-31-40-173 kernel: pci 0000:00:01.3: quirk: [io  0xb100-0xb10f] claimed by PIIX4 SMB
Dec 24 12:09:04 ip-172-31-40-173 kernel: pci 0000:00:01.3: PIIX4 devres E PIO at fff0-ffff
Dec 24 12:09:04 ip-172-31-40-173 kernel: pci 0000:00:01.3: PIIX4 devres F MMIO at ffc00000-ffffffff
Dec 24 12:09:04 ip-172-31-40-173 kernel: pci 0000:00:01.3: PIIX4 devres G PIO at fff0-ffff
Dec 24 12:09:04 ip-172-31-40-173 kernel: pci 0000:00:01.3: PIIX4 devres H MMIO at ffc00000-ffffffff
Dec 24 12:09:04 ip-172-31-40-173 kernel: pci 0000:00:01.3: PIIX4 devres I PIO at fff0-ffff
Dec 24 12:09:04 ip-172-31-40-173 kernel: pci 0000:00:01.3: PIIX4 devres J PIO at fff0-ffff
Dec 24 12:09:04 ip-172-31-40-173 kernel: pci 0000:00:01.3: quirk_piix4_acpi+0x0/0x170 took 39062 usecs
Dec 24 12:09:04 ip-172-31-40-173 kernel: pci 0000:00:03.0: [1d0f:1111] type 00 class 0x030000
Dec 24 12:09:04 ip-172-31-40-173 kernel: pci 0000:00:03.0: reg 0x10: [mem 0xfe400000-0xfe7fffff pref]
Dec 24 12:09:04 ip-172-31-40-173 kernel: pci 0000:00:03.0: reg 0x30: [mem 0xfebe0000-0xfebeffff pref]
Dec 24 12:09:04 ip-172-31-40-173 kernel: pci 0000:00:04.0: [1d0f:8061] type 00 class 0x010802
Dec 24 12:09:04 ip-172-31-40-173 kernel: pci 0000:00:04.0: reg 0x10: [mem 0xfebf0000-0xfebf3fff]
Dec 24 12:09:04 ip-172-31-40-173 kernel: pci 0000:00:05.0: [1d0f:ec20] type 00 class 0x020000
Dec 24 12:09:04 ip-172-31-40-173 kernel: pci 0000:00:05.0: reg 0x10: [mem 0xfebf4000-0xfebf7fff]
Dec 24 12:09:04 ip-172-31-40-173 kernel: ACPI: PCI Interrupt Link [LNKA] (IRQs 5 *10 11)
Dec 24 12:09:04 ip-172-31-40-173 kernel: ACPI: PCI Interrupt Link [LNKB] (IRQs 5 *10 11)
Dec 24 12:09:04 ip-172-31-40-173 kernel: ACPI: PCI Interrupt Link [LNKC] (IRQs 5 10 *11)
Dec 24 12:09:04 ip-172-31-40-173 kernel: ACPI: PCI Interrupt Link [LNKD] (IRQs 5 10 *11)
Dec 24 12:09:04 ip-172-31-40-173 kernel: ACPI: PCI Interrupt Link [LNKS] (IRQs *9)
Dec 24 12:09:04 ip-172-31-40-173 kernel: iommu: Default domain type: Translated 
Dec 24 12:09:04 ip-172-31-40-173 kernel: pci 0000:00:03.0: vgaarb: setting as boot VGA device
Dec 24 12:09:04 ip-172-31-40-173 kernel: pci 0000:00:03.0: vgaarb: VGA device added: decodes=io+mem,owns=io+mem,locks=none
Dec 24 12:09:04 ip-172-31-40-173 kernel: pci 0000:00:03.0: vgaarb: bridge control possible
Dec 24 12:09:04 ip-172-31-40-173 kernel: vgaarb: loaded
Dec 24 12:09:04 ip-172-31-40-173 kernel: EDAC MC: Ver: 3.0.0
Dec 24 12:09:04 ip-172-31-40-173 kernel: NetLabel: Initializing
Dec 24 12:09:04 ip-172-31-40-173 kernel: NetLabel:  domain hash size = 128
Dec 24 12:09:04 ip-172-31-40-173 kernel: NetLabel:  protocols = UNLABELED CIPSOv4 CALIPSO
Dec 24 12:09:04 ip-172-31-40-173 kernel: NetLabel:  unlabeled traffic allowed by default
Dec 24 12:09:04 ip-172-31-40-173 kernel: PCI: Using ACPI for IRQ routing
Dec 24 12:09:04 ip-172-31-40-173 kernel: hpet0: at MMIO 0xfed00000, IRQs 2, 8, 0, 0, 0, 0, 0, 0
Dec 24 12:09:04 ip-172-31-40-173 kernel: hpet0: 8 comparators, 32-bit 62.500000 MHz counter
Dec 24 12:09:04 ip-172-31-40-173 kernel: clocksource: Switched to clocksource kvm-clock
Dec 24 12:09:04 ip-172-31-40-173 kernel: VFS: Disk quotas dquot_6.6.0
Dec 24 12:09:04 ip-172-31-40-173 kernel: VFS: Dquot-cache hash table entries: 512 (order 0, 4096 bytes)
Dec 24 12:09:04 ip-172-31-40-173 kernel: pnp: PnP ACPI init
Dec 24 12:09:04 ip-172-31-40-173 kernel: pnp: PnP ACPI: found 5 devices
Dec 24 12:09:04 ip-172-31-40-173 kernel: clocksource: acpi_pm: mask: 0xffffff max_cycles: 0xffffff, max_idle_ns: 2085701024 ns
Dec 24 12:09:04 ip-172-31-40-173 kernel: NET: Registered protocol family 2
Dec 24 12:09:04 ip-172-31-40-173 kernel: IP idents hash table entries: 16384 (order: 5, 131072 bytes, linear)
Dec 24 12:09:04 ip-172-31-40-173 kernel: tcp_listen_portaddr_hash hash table entries: 512 (order: 1, 8192 bytes, linear)
Dec 24 12:09:04 ip-172-31-40-173 kernel: TCP established hash table entries: 8192 (order: 4, 65536 bytes, linear)
Dec 24 12:09:04 ip-172-31-40-173 kernel: TCP bind hash table entries: 8192 (order: 5, 131072 bytes, linear)
Dec 24 12:09:04 ip-172-31-40-173 kernel: TCP: Hash tables configured (established 8192 bind 8192)
Dec 24 12:09:04 ip-172-31-40-173 kernel: MPTCP token hash table entries: 1024 (order: 2, 24576 bytes, linear)
Dec 24 12:09:04 ip-172-31-40-173 kernel: UDP hash table entries: 512 (order: 2, 16384 bytes, linear)
Dec 24 12:09:04 ip-172-31-40-173 kernel: UDP-Lite hash table entries: 512 (order: 2, 16384 bytes, linear)
Dec 24 12:09:04 ip-172-31-40-173 kernel: NET: Registered protocol family 1
Dec 24 12:09:04 ip-172-31-40-173 kernel: NET: Registered protocol family 44
Dec 24 12:09:04 ip-172-31-40-173 kernel: pci_bus 0000:00: resource 4 [io  0x0000-0x0cf7 window]
Dec 24 12:09:04 ip-172-31-40-173 kernel: pci_bus 0000:00: resource 5 [io  0x0d00-0xffff window]
Dec 24 12:09:04 ip-172-31-40-173 kernel: pci_bus 0000:00: resource 6 [mem 0x000a0000-0x000bffff window]
Dec 24 12:09:04 ip-172-31-40-173 kernel: pci_bus 0000:00: resource 7 [mem 0x80000000-0xfebfffff window]
Dec 24 12:09:04 ip-172-31-40-173 kernel: pci 0000:00:00.0: Limiting direct PCI/PCI transfers
Dec 24 12:09:04 ip-172-31-40-173 kernel: pci 0000:00:01.0: Activating ISA DMA hang workarounds
Dec 24 12:09:04 ip-172-31-40-173 kernel: pci 0000:00:03.0: Video device with shadowed ROM at [mem 0x000c0000-0x000dffff]
Dec 24 12:09:04 ip-172-31-40-173 kernel: PCI: CLS 0 bytes, default 64
Dec 24 12:09:04 ip-172-31-40-173 kernel: Trying to unpack rootfs image as initramfs...
Dec 24 12:09:04 ip-172-31-40-173 kernel: Freeing initrd memory: 16008K
Dec 24 12:09:04 ip-172-31-40-173 kernel: clocksource: tsc: mask: 0xffffffffffffffff max_cycles: 0x24093623c91, max_idle_ns: 440795291220 ns
Dec 24 12:09:04 ip-172-31-40-173 kernel: clocksource: Switched to clocksource tsc
Dec 24 12:09:04 ip-172-31-40-173 kernel: check: Scanning for low memory corruption every 60 seconds
Dec 24 12:09:04 ip-172-31-40-173 kernel: Initialise system trusted keyrings
Dec 24 12:09:04 ip-172-31-40-173 kernel: Key type blacklist registered
Dec 24 12:09:04 ip-172-31-40-173 kernel: workingset: timestamp_bits=36 max_order=18 bucket_order=0
Dec 24 12:09:04 ip-172-31-40-173 kernel: zbud: loaded
Dec 24 12:09:04 ip-172-31-40-173 kernel: SGI XFS with ACLs, security attributes, quota, no debug enabled
Dec 24 12:09:04 ip-172-31-40-173 kernel: Key type asymmetric registered
Dec 24 12:09:04 ip-172-31-40-173 kernel: Asymmetric key parser 'x509' registered
Dec 24 12:09:04 ip-172-31-40-173 kernel: Block layer SCSI generic (bsg) driver version 0.4 loaded (major 251)
Dec 24 12:09:04 ip-172-31-40-173 kernel: io scheduler mq-deadline registered
Dec 24 12:09:04 ip-172-31-40-173 kernel: io scheduler kyber registered
Dec 24 12:09:04 ip-172-31-40-173 kernel: io scheduler bfq registered
Dec 24 12:09:04 ip-172-31-40-173 kernel: shpchp: Standard Hot Plug PCI Controller Driver version: 0.4
Dec 24 12:09:04 ip-172-31-40-173 kernel: Serial: 8250/16550 driver, 4 ports, IRQ sharing disabled
Dec 24 12:09:04 ip-172-31-40-173 kernel: 00:04: ttyS0 at I/O 0x3f8 (irq = 4, base_baud = 115200) is a 16550A
Dec 24 12:09:04 ip-172-31-40-173 kernel: nvme nvme0: pci function 0000:00:04.0
Dec 24 12:09:04 ip-172-31-40-173 kernel: i8042: PNP: PS/2 Controller [PNP0303:KBD,PNP0f13:MOU] at 0x60,0x64 irq 1,12
Dec 24 12:09:04 ip-172-31-40-173 kernel: PCI Interrupt Link [LNKD] enabled at IRQ 11
Dec 24 12:09:04 ip-172-31-40-173 kernel: i8042: Warning: Keylock active
Dec 24 12:09:04 ip-172-31-40-173 kernel: serio: i8042 KBD port at 0x60,0x64 irq 1
Dec 24 12:09:04 ip-172-31-40-173 kernel: serio: i8042 AUX port at 0x60,0x64 irq 12
Dec 24 12:09:04 ip-172-31-40-173 kernel: nvme nvme0: 2/0/0 default/read/poll queues
Dec 24 12:09:04 ip-172-31-40-173 kernel: rtc_cmos 00:00: RTC can wake from S4
Dec 24 12:09:04 ip-172-31-40-173 kernel: nvme0n1: detected capacity change from 0 to 8589934592
Dec 24 12:09:04 ip-172-31-40-173 kernel: rtc_cmos 00:00: registered as rtc0
Dec 24 12:09:04 ip-172-31-40-173 kernel: rtc_cmos 00:00: setting system clock to 2025-12-24T12:09:04 UTC (1766578144)
Dec 24 12:09:04 ip-172-31-40-173 kernel: nvme0n1: p1 p128
Dec 24 12:09:04 ip-172-31-40-173 kernel: rtc_cmos 00:00: alarms up to one day, 114 bytes nvram
Dec 24 12:09:04 ip-172-31-40-173 kernel: intel_pstate: CPU model not supported
Dec 24 12:09:04 ip-172-31-40-173 kernel: hid: raw HID events driver (C) Jiri Kosina
Dec 24 12:09:04 ip-172-31-40-173 kernel: NET: Registered protocol family 10
Dec 24 12:09:04 ip-172-31-40-173 kernel: Segment Routing with IPv6
Dec 24 12:09:04 ip-172-31-40-173 kernel: NET: Registered protocol family 17
Dec 24 12:09:04 ip-172-31-40-173 kernel: IPI shorthand broadcast: enabled
Dec 24 12:09:04 ip-172-31-40-173 kernel: sched_clock: Marking stable (1175357350, 689321378)->(2247492275, -382813547)
Dec 24 12:09:04 ip-172-31-40-173 kernel: registered taskstats version 1
Dec 24 12:09:04 ip-172-31-40-173 kernel: Loading compiled-in X.509 certificates
Dec 24 12:09:04 ip-172-31-40-173 kernel: Loaded X.509 cert 'Build time autogenerated kernel key: f638f4bbfddc7c63a66d16c4253395e8a5b136b3'
Dec 24 12:09:04 ip-172-31-40-173 kernel: zswap: loaded using pool lzo/zbud
Dec 24 12:09:04 ip-172-31-40-173 kernel: Key type .fscrypt registered
Dec 24 12:09:04 ip-172-31-40-173 kernel: Key type fscrypt-provisioning registered
Dec 24 12:09:04 ip-172-31-40-173 kernel: ima: No TPM chip found, activating TPM-bypass!
Dec 24 12:09:04 ip-172-31-40-173 kernel: ima: Allocated hash algorithm: sha1
Dec 24 12:09:04 ip-172-31-40-173 kernel: ima: No architecture policies found
Dec 24 12:09:04 ip-172-31-40-173 kernel: clk: Disabling unused clocks
Dec 24 12:09:04 ip-172-31-40-173 kernel: Freeing unused decrypted memory: 2036K
Dec 24 12:09:04 ip-172-31-40-173 kernel: Freeing unused kernel image (initmem) memory: 2476K
Dec 24 12:09:04 ip-172-31-40-173 kernel: Write protecting the kernel read-only data: 22528k
Dec 24 12:09:04 ip-172-31-40-173 kernel: Freeing unused kernel image (text/rodata gap) memory: 2032K
Dec 24 12:09:04 ip-172-31-40-173 kernel: Freeing unused kernel image (rodata/data gap) memory: 116K
Dec 24 12:09:04 ip-172-31-40-173 kernel: Run /init as init process
Dec 24 12:09:04 ip-172-31-40-173 systemd[1]: systemd 219 running in system mode. (+PAM +AUDIT +SELINUX +IMA -APPARMOR +SMACK +SYSVINIT +UTMP +LIBCRYPTSETUP +GCRYPT +GNUTLS +ACL +XZ +LZ4 -SECCOMP +BLKID +ELFUTILS +KMOD +IDN)
Dec 24 12:09:04 ip-172-31-40-173 systemd[1]: Detected virtualization amazon.
Dec 24 12:09:04 ip-172-31-40-173 systemd[1]: Detected architecture x86-64.
Dec 24 12:09:04 ip-172-31-40-173 systemd[1]: Running in initial RAM disk.
Dec 24 12:09:04 ip-172-31-40-173 systemd[1]: No hostname configured.
Dec 24 12:09:04 ip-172-31-40-173 systemd[1]: Set hostname to <localhost>.
Dec 24 12:09:04 ip-172-31-40-173 systemd[1]: Initializing machine ID from VM UUID.
Dec 24 12:09:04 ip-172-31-40-173 systemd[1]: Reached target Local File Systems.
Dec 24 12:09:04 ip-172-31-40-173 systemd[1]: Reached target Timers.
Dec 24 12:09:04 ip-172-31-40-173 systemd[1]: Created slice Root Slice.
Dec 24 12:09:04 ip-172-31-40-173 journal: Journal started
Dec 24 12:09:04 ip-172-31-40-173 systemd: Started Create list of required static device nodes for the current kernel.
Dec 24 12:09:04 ip-172-31-40-173 systemd: Starting Create Static Device Nodes in /dev...
Dec 24 12:09:04 ip-172-31-40-173 systemd: Started Apply Kernel Variables.
Dec 24 12:09:04 ip-172-31-40-173 systemd: Started Create Static Device Nodes in /dev.
Dec 24 12:09:04 ip-172-31-40-173 systemd: Starting udev Kernel Device Manager...
Dec 24 12:09:04 ip-172-31-40-173 systemd-udevd: starting version 219
Dec 24 12:09:04 ip-172-31-40-173 systemd-udevd: Network interface NamePolicy= disabled on kernel command line, ignoring.
Dec 24 12:09:04 ip-172-31-40-173 systemd: Started udev Kernel Device Manager.
Dec 24 12:09:04 ip-172-31-40-173 systemd: Starting dracut pre-trigger hook...
Dec 24 12:09:04 ip-172-31-40-173 systemd: Started dracut pre-trigger hook.
Dec 24 12:09:04 ip-172-31-40-173 systemd: Starting udev Coldplug all Devices...
Dec 24 12:09:04 ip-172-31-40-173 systemd-udevd: Network interface NamePolicy= disabled on kernel command line, ignoring.
Dec 24 12:09:04 ip-172-31-40-173 systemd: Started udev Coldplug all Devices.
Dec 24 12:09:04 ip-172-31-40-173 systemd: Reached target System Initialization.
Dec 24 12:09:04 ip-172-31-40-173 systemd: Reached target Basic System.
Dec 24 12:09:04 ip-172-31-40-173 systemd: Starting dracut initqueue hook...
Dec 24 12:09:05 ip-172-31-40-173 kernel: input: AT Translated Set 2 keyboard as /devices/platform/i8042/serio0/input/input0
Dec 24 12:09:05 ip-172-31-40-173 systemd: Found device Amazon Elastic Block Store /.
Dec 24 12:09:05 ip-172-31-40-173 systemd: Starting File System Check on /dev/disk/by-uuid/9cf211ea-1ba8-4042-8a38-8645bac20eb1...
Dec 24 12:09:05 ip-172-31-40-173 systemd-fsck: fsck.xfs doesn't exist, not checking file system on /dev/disk/by-uuid/9cf211ea-1ba8-4042-8a38-8645bac20eb1
Dec 24 12:09:05 ip-172-31-40-173 systemd: Started File System Check on /dev/disk/by-uuid/9cf211ea-1ba8-4042-8a38-8645bac20eb1.
Dec 24 12:09:05 ip-172-31-40-173 systemd: Started dracut initqueue hook.
Dec 24 12:09:05 ip-172-31-40-173 systemd: Reached target Remote File Systems (Pre).
Dec 24 12:09:05 ip-172-31-40-173 systemd: Reached target Remote File Systems.
Dec 24 12:09:05 ip-172-31-40-173 systemd: Mounting /sysroot...
Dec 24 12:09:05 ip-172-31-40-173 kernel: XFS (nvme0n1p1): Mounting V5 Filesystem
Dec 24 12:09:05 ip-172-31-40-173 kernel: XFS (nvme0n1p1): Ending clean mount
Dec 24 12:09:05 ip-172-31-40-173 systemd: Mounted /sysroot.
Dec 24 12:09:05 ip-172-31-40-173 systemd: Reached target Initrd Root File System.
Dec 24 12:09:05 ip-172-31-40-173 systemd: Starting Reload Configuration from the Real Root...
Dec 24 12:09:05 ip-172-31-40-173 systemd: Reloading.
Dec 24 12:09:05 ip-172-31-40-173 systemd: Started Reload Configuration from the Real Root.
Dec 24 12:09:05 ip-172-31-40-173 systemd: Reached target Initrd File Systems.
Dec 24 12:09:05 ip-172-31-40-173 systemd: Reached target Initrd Default Target.
Dec 24 12:09:05 ip-172-31-40-173 systemd: Starting dracut pre-pivot and cleanup hook...
Dec 24 12:09:05 ip-172-31-40-173 systemd: Started dracut pre-pivot and cleanup hook.
Dec 24 12:09:05 ip-172-31-40-173 systemd: Starting Cleaning Up and Shutting Down Daemons...
Dec 24 12:09:05 ip-172-31-40-173 systemd: Stopped dracut pre-pivot and cleanup hook.
Dec 24 12:09:05 ip-172-31-40-173 systemd: Stopped target Initrd Default Target.
Dec 24 12:09:05 ip-172-31-40-173 systemd: Stopped target Basic System.
Dec 24 12:09:05 ip-172-31-40-173 systemd: Stopped target Paths.
Dec 24 12:09:05 ip-172-31-40-173 systemd: Stopped Dispatch Password Requests to Console Directory Watch.
Dec 24 12:09:05 ip-172-31-40-173 systemd: Stopped target System Initialization.
Dec 24 12:09:05 ip-172-31-40-173 systemd: Stopped target Local File Systems.
Dec 24 12:09:05 ip-172-31-40-173 systemd: Stopped target Slices.
Dec 24 12:09:05 ip-172-31-40-173 systemd: Stopped target Remote File Systems.
Dec 24 12:09:05 ip-172-31-40-173 systemd: Stopped target Remote File Systems (Pre).
Dec 24 12:09:05 ip-172-31-40-173 systemd: Stopped dracut initqueue hook.
Dec 24 12:09:05 ip-172-31-40-173 systemd: Stopped udev Coldplug all Devices.
Dec 24 12:09:05 ip-172-31-40-173 systemd: Stopped dracut pre-trigger hook.
Dec 24 12:09:05 ip-172-31-40-173 systemd: Stopping udev Kernel Device Manager...
Dec 24 12:09:05 ip-172-31-40-173 systemd: Stopped Apply Kernel Variables.
Dec 24 12:09:05 ip-172-31-40-173 systemd: Stopped target Sockets.
Dec 24 12:09:05 ip-172-31-40-173 systemd: Stopped target Swap.
Dec 24 12:09:05 ip-172-31-40-173 systemd: Stopped target Timers.
Dec 24 12:09:05 ip-172-31-40-173 systemd: Stopped udev Kernel Device Manager.
Dec 24 12:09:05 ip-172-31-40-173 systemd: Stopped Create Static Device Nodes in /dev.
Dec 24 12:09:05 ip-172-31-40-173 systemd: Stopped Create list of required static device nodes for the current kernel.
Dec 24 12:09:05 ip-172-31-40-173 systemd: Closed udev Kernel Socket.
Dec 24 12:09:05 ip-172-31-40-173 systemd: Closed udev Control Socket.
Dec 24 12:09:05 ip-172-31-40-173 systemd: Starting Cleanup udevd DB...
Dec 24 12:09:05 ip-172-31-40-173 systemd: Started Cleaning Up and Shutting Down Daemons.
Dec 24 12:09:05 ip-172-31-40-173 systemd: Started Cleanup udevd DB.
Dec 24 12:09:05 ip-172-31-40-173 systemd: Reached target Switch Root.
Dec 24 12:09:05 ip-172-31-40-173 systemd: Starting Switch Root...
Dec 24 12:09:05 ip-172-31-40-173 systemd: Switching root.
Dec 24 12:09:05 ip-172-31-40-173 journal: Journal stopped
Dec 24 12:09:05 ip-172-31-40-173 journal: Runtime journal is using 5.8M (max allowed 46.9M, trying to leave 70.4M free of 458.1M available â†’ current limit 46.9M).
Dec 24 12:09:05 ip-172-31-40-173 systemd-journald[764]: Received SIGTERM from PID 1 (systemd).
Dec 24 12:09:05 ip-172-31-40-173 kernel: printk: systemd: 13 output lines suppressed due to ratelimiting
Dec 24 12:09:05 ip-172-31-40-173 kernel: SELinux:  Runtime disable is deprecated, use selinux=0 on the kernel cmdline.
Dec 24 12:09:05 ip-172-31-40-173 kernel: SELinux:  Disabled at runtime.
Dec 24 12:09:05 ip-172-31-40-173 kernel: audit: type=1404 audit(1766578145.495:2): enforcing=0 old_enforcing=0 auid=4294967295 ses=4294967295 enabled=0 old-enabled=1 lsm=selinux res=1
Dec 24 12:09:05 ip-172-31-40-173 journal: Journal started
Dec 24 12:09:05 ip-172-31-40-173 systemd: systemd 219 running in system mode. (+PAM +AUDIT +SELINUX +IMA -APPARMOR +SMACK +SYSVINIT +UTMP +LIBCRYPTSETUP +GCRYPT +GNUTLS +ACL +XZ +LZ4 -SECCOMP +BLKID +ELFUTILS +KMOD +IDN)
Dec 24 12:09:05 ip-172-31-40-173 systemd: Detected virtualization amazon.
Dec 24 12:09:05 ip-172-31-40-173 systemd: Detected architecture x86-64.
Dec 24 12:09:05 ip-172-31-40-173 systemd: Set hostname to <ip-172-31-6-22.ap-southeast-1.compute.internal>.
Dec 24 12:09:05 ip-172-31-40-173 systemd: Cannot add dependency job for unit display-manager.service, ignoring: Unit not found.
Dec 24 12:09:05 ip-172-31-40-173 kernel: xfs filesystem being remounted at / supports timestamps until 2038-01-19 (0x7fffffff)
Dec 24 12:09:05 ip-172-31-40-173 systemd: Started Create list of required static device nodes for the current kernel.
Dec 24 12:09:05 ip-172-31-40-173 systemd: Started Remount Root and Kernel File Systems.
Dec 24 12:09:05 ip-172-31-40-173 systemd: Started Read and set NIS domainname from /etc/sysconfig/network.
Dec 24 12:09:05 ip-172-31-40-173 systemd: Started Setup Virtual Console.
Dec 24 12:09:05 ip-172-31-40-173 systemd: Starting udev Coldplug all Devices...
Dec 24 12:09:05 ip-172-31-40-173 systemd: Starting Relabel kernel modules early in the boot, if needed...
Dec 24 12:09:05 ip-172-31-40-173 systemd: Starting Configure read-only root support...
Dec 24 12:09:05 ip-172-31-40-173 systemd: Starting Create Static Device Nodes in /dev...
Dec 24 12:09:05 ip-172-31-40-173 systemd: Starting Flush Journal to Persistent Storage...
Dec 24 12:09:05 ip-172-31-40-173 systemd: Started Relabel kernel modules early in the boot, if needed.
Dec 24 12:09:05 ip-172-31-40-173 systemd: Started LVM2 metadata daemon.
Dec 24 12:09:05 ip-172-31-40-173 systemd: Starting Load Kernel Modules...
Dec 24 12:09:05 ip-172-31-40-173 systemd: Started udev Coldplug all Devices.
Dec 24 12:09:05 ip-172-31-40-173 systemd: Started Configure read-only root support.
Dec 24 12:09:05 ip-172-31-40-173 systemd: Starting Load/Save Random Seed...
Dec 24 12:09:05 ip-172-31-40-173 systemd: Starting udev Wait for Complete Device Initialization...
Dec 24 12:09:05 ip-172-31-40-173 systemd: Started Create Static Device Nodes in /dev.
Dec 24 12:09:05 ip-172-31-40-173 systemd: Started Load/Save Random Seed.
Dec 24 12:09:05 ip-172-31-40-173 systemd: Starting udev Kernel Device Manager...
Dec 24 12:09:05 ip-172-31-40-173 systemd: Started Flush Journal to Persistent Storage.
Dec 24 12:09:05 ip-172-31-40-173 systemd-udevd: starting version 219
Dec 24 12:09:05 ip-172-31-40-173 kernel: pps_core: LinuxPPS API ver. 1 registered
Dec 24 12:09:05 ip-172-31-40-173 kernel: pps_core: Software ver. 5.3.6 - Copyright 2005-2007 Rodolfo Giometti <giometti@linux.it>
Dec 24 12:09:05 ip-172-31-40-173 systemd-udevd: Network interface NamePolicy= disabled on kernel command line, ignoring.
Dec 24 12:09:05 ip-172-31-40-173 kernel: PTP clock support registered
Dec 24 12:09:06 ip-172-31-40-173 kernel: ena 0000:00:05.0: Elastic Network Adapter (ENA) v2.15.0g
Dec 24 12:09:06 ip-172-31-40-173 kernel: ena 0000:00:05.0: ENA device version: 0.10
Dec 24 12:09:06 ip-172-31-40-173 kernel: ena 0000:00:05.0: ENA controller version: 0.0.1 implementation version 1
Dec 24 12:09:06 ip-172-31-40-173 kernel: ena 0000:00:05.0: LLQ is not supported Fallback to host mode policy.
Dec 24 12:09:06 ip-172-31-40-173 kernel: ena 0000:00:05.0: Elastic Network Adapter (ENA) found at mem febf4000, mac addr 06:16:b5:56:1d:67
Dec 24 12:09:06 ip-172-31-40-173 systemd: Started udev Kernel Device Manager.
Dec 24 12:09:06 ip-172-31-40-173 systemd: Starting Show Plymouth Boot Screen...
Dec 24 12:09:06 ip-172-31-40-173 systemd: Received SIGRTMIN+20 from PID 1633 (plymouthd).
Dec 24 12:09:06 ip-172-31-40-173 systemd: Started Show Plymouth Boot Screen.
Dec 24 12:09:06 ip-172-31-40-173 systemd: Started Forward Password Requests to Plymouth Directory Watch.
Dec 24 12:09:06 ip-172-31-40-173 systemd-modules-load: Inserted module 'ena'
Dec 24 12:09:06 ip-172-31-40-173 systemd: Started Load Kernel Modules.
Dec 24 12:09:06 ip-172-31-40-173 systemd: Starting Apply Kernel Variables...
Dec 24 12:09:06 ip-172-31-40-173 kernel: input: Power Button as /devices/LNXSYSTM:00/LNXPWRBN:00/input/input3
Dec 24 12:09:06 ip-172-31-40-173 systemd: Started Apply Kernel Variables.
Dec 24 12:09:06 ip-172-31-40-173 systemd: Found device /dev/ttyS0.
Dec 24 12:09:06 ip-172-31-40-173 kernel: ACPI: Power Button [PWRF]
Dec 24 12:09:06 ip-172-31-40-173 kernel: input: Sleep Button as /devices/LNXSYSTM:00/LNXSLPBN:00/input/input5
Dec 24 12:09:06 ip-172-31-40-173 kernel: ACPI: Sleep Button [SLPF]
Dec 24 12:09:06 ip-172-31-40-173 kernel: input: ImPS/2 Generic Wheel Mouse as /devices/platform/i8042/serio1/input/input4
Dec 24 12:09:06 ip-172-31-40-173 kernel: mousedev: PS/2 mouse device common for all mice
Dec 24 12:09:06 ip-172-31-40-173 kernel: cryptd: max_cpu_qlen set to 1000
Dec 24 12:09:06 ip-172-31-40-173 kernel: AVX2 version of gcm_enc/dec engaged.
Dec 24 12:09:06 ip-172-31-40-173 kernel: AES CTR mode by8 optimization enabled
Dec 24 12:09:06 ip-172-31-40-173 systemd: Created slice system-ec2net\x2difup.slice.
Dec 24 12:09:06 ip-172-31-40-173 systemd: Starting Relabel kernel modules early in the boot, if needed...
Dec 24 12:09:06 ip-172-31-40-173 systemd: Found device Elastic Network Adapter (ENA).
Dec 24 12:09:06 ip-172-31-40-173 systemd: Started Relabel kernel modules early in the boot, if needed.
Dec 24 12:09:06 ip-172-31-40-173 systemd: Started udev Wait for Complete Device Initialization.
Dec 24 12:09:06 ip-172-31-40-173 systemd: Starting Activation of DM RAID sets...
Dec 24 12:09:06 ip-172-31-40-173 kernel: device-mapper: uevent: version 1.0.3
Dec 24 12:09:06 ip-172-31-40-173 kernel: device-mapper: ioctl: 4.43.0-ioctl (2020-10-01) initialised: dm-devel@redhat.com
Dec 24 12:09:06 ip-172-31-40-173 systemd: Started Activation of DM RAID sets.
Dec 24 12:09:06 ip-172-31-40-173 systemd: Reached target Local Encrypted Volumes.
Dec 24 12:09:06 ip-172-31-40-173 systemd: Started Monitoring of LVM2 mirrors, snapshots etc. using dmeventd or progress polling.
Dec 24 12:09:06 ip-172-31-40-173 systemd: Reached target Local File Systems (Pre).
Dec 24 12:09:06 ip-172-31-40-173 systemd: Reached target Local File Systems.
Dec 24 12:09:06 ip-172-31-40-173 systemd: Starting Tell Plymouth To Write Out Runtime Data...
Dec 24 12:09:06 ip-172-31-40-173 systemd: Starting Create Volatile Files and Directories...
Dec 24 12:09:06 ip-172-31-40-173 systemd: Starting Preprocess NFS configuration...
Dec 24 12:09:06 ip-172-31-40-173 systemd: Started Preprocess NFS configuration.
Dec 24 12:09:06 ip-172-31-40-173 systemd: Started Tell Plymouth To Write Out Runtime Data.
Dec 24 12:09:06 ip-172-31-40-173 systemd: Started Create Volatile Files and Directories.
Dec 24 12:09:06 ip-172-31-40-173 systemd: Mounting RPC Pipe File System...
Dec 24 12:09:06 ip-172-31-40-173 systemd: Starting Security Auditing Service...
Dec 24 12:09:06 ip-172-31-40-173 auditd[1774]: Started dispatcher: /sbin/audispd pid: 1776
Dec 24 12:09:06 ip-172-31-40-173 audispd: No plugins found, exiting
Dec 24 12:09:06 ip-172-31-40-173 auditd[1774]: Init complete, auditd 2.8.1 listening for events (startup state enable)
Dec 24 12:09:06 ip-172-31-40-173 kernel: RPC: Registered named UNIX socket transport module.
Dec 24 12:09:06 ip-172-31-40-173 kernel: RPC: Registered udp transport module.
Dec 24 12:09:06 ip-172-31-40-173 kernel: RPC: Registered tcp transport module.
Dec 24 12:09:06 ip-172-31-40-173 kernel: RPC: Registered tcp NFSv4.1 backchannel transport module.
Dec 24 12:09:06 ip-172-31-40-173 systemd: Mounted RPC Pipe File System.
Dec 24 12:09:06 ip-172-31-40-173 systemd: Reached target rpc_pipefs.target.
Dec 24 12:09:06 ip-172-31-40-173 augenrules: /sbin/augenrules: No change
Dec 24 12:09:06 ip-172-31-40-173 augenrules: No rules
Dec 24 12:09:06 ip-172-31-40-173 augenrules: enabled 1
Dec 24 12:09:06 ip-172-31-40-173 augenrules: failure 1
Dec 24 12:09:06 ip-172-31-40-173 augenrules: pid 1774
Dec 24 12:09:06 ip-172-31-40-173 augenrules: rate_limit 0
Dec 24 12:09:06 ip-172-31-40-173 augenrules: backlog_limit 8192
Dec 24 12:09:06 ip-172-31-40-173 augenrules: lost 0
Dec 24 12:09:06 ip-172-31-40-173 augenrules: backlog 0
Dec 24 12:09:06 ip-172-31-40-173 augenrules: backlog_wait_time 15000
Dec 24 12:09:06 ip-172-31-40-173 augenrules: enabled 1
Dec 24 12:09:06 ip-172-31-40-173 augenrules: failure 1
Dec 24 12:09:06 ip-172-31-40-173 augenrules: pid 1774
Dec 24 12:09:06 ip-172-31-40-173 augenrules: rate_limit 0
Dec 24 12:09:06 ip-172-31-40-173 augenrules: backlog_limit 8192
Dec 24 12:09:06 ip-172-31-40-173 augenrules: lost 0
Dec 24 12:09:06 ip-172-31-40-173 augenrules: backlog 0
Dec 24 12:09:06 ip-172-31-40-173 augenrules: backlog_wait_time 15000
Dec 24 12:09:06 ip-172-31-40-173 systemd: Started Security Auditing Service.
Dec 24 12:09:06 ip-172-31-40-173 systemd: Starting Update UTMP about System Boot/Shutdown...
Dec 24 12:09:06 ip-172-31-40-173 systemd: Started Update UTMP about System Boot/Shutdown.
Dec 24 12:09:06 ip-172-31-40-173 systemd: Reached target System Initialization.
Dec 24 12:09:06 ip-172-31-40-173 systemd: Started Daily Cleanup of Temporary Directories.
Dec 24 12:09:06 ip-172-31-40-173 systemd: Reached target Timers.
Dec 24 12:09:06 ip-172-31-40-173 systemd: Started Flexible branding.
Dec 24 12:09:06 ip-172-31-40-173 systemd: Reached target Paths.
Dec 24 12:09:06 ip-172-31-40-173 systemd: Listening on RPCbind Server Activation Socket.
Dec 24 12:09:06 ip-172-31-40-173 systemd: Starting RPC bind service...
Dec 24 12:09:06 ip-172-31-40-173 systemd: Listening on D-Bus System Message Bus Socket.
Dec 24 12:09:06 ip-172-31-40-173 systemd: Reached target Sockets.
Dec 24 12:09:06 ip-172-31-40-173 systemd: Reached target Basic System.
Dec 24 12:09:06 ip-172-31-40-173 systemd: Starting GSSAPI Proxy Daemon...
Dec 24 12:09:06 ip-172-31-40-173 systemd: Starting Login Service...
Dec 24 12:09:06 ip-172-31-40-173 systemd: Starting Resets System Activity Logs...
Dec 24 12:09:06 ip-172-31-40-173 systemd: Starting Dump dmesg to /var/log/dmesg...
Dec 24 12:09:06 ip-172-31-40-173 systemd: Started libstoragemgmt plug-in server daemon.
Dec 24 12:09:06 ip-172-31-40-173 systemd: Starting NTP client/server...
Dec 24 12:09:06 ip-172-31-40-173 systemd: Starting Hardware RNG Entropy Gatherer Wake threshold service...
Dec 24 12:09:06 ip-172-31-40-173 systemd: Starting ACPI Event Daemon...
Dec 24 12:09:06 ip-172-31-40-173 systemd: Started irqbalance daemon.
Dec 24 12:09:06 ip-172-31-40-173 chronyd[1822]: chronyd version 4.2 starting (+CMDMON +NTP +REFCLOCK +RTC +PRIVDROP +SCFILTER +SIGND +ASYNCDNS -NTS +SECHASH +IPV6 +DEBUG)
Dec 24 12:09:06 ip-172-31-40-173 systemd: Started D-Bus System Message Bus.
Dec 24 12:09:06 ip-172-31-40-173 chronyd[1822]: Frequency -9.167 +/- 0.137 ppm read from /var/lib/chrony/drift
Dec 24 12:09:06 ip-172-31-40-173 chronyd[1822]: Loaded seccomp filter (level 2)
Dec 24 12:09:06 ip-172-31-40-173 acpid: starting up with netlink and the input layer
Dec 24 12:09:06 ip-172-31-40-173 acpid: skipping incomplete file /etc/acpi/events/videoconf
Dec 24 12:09:06 ip-172-31-40-173 acpid: 2 rules loaded
Dec 24 12:09:06 ip-172-31-40-173 acpid: waiting for events: event logging is off
Dec 24 12:09:06 ip-172-31-40-173 dbus[1823]: [system] Successfully activated service 'org.freedesktop.systemd1'
Dec 24 12:09:06 ip-172-31-40-173 systemd: Starting Initial cloud-init job (pre-networking)...
Dec 24 12:09:06 ip-172-31-40-173 systemd: Started RPC bind service.
Dec 24 12:09:06 ip-172-31-40-173 systemd: Started GSSAPI Proxy Daemon.
Dec 24 12:09:06 ip-172-31-40-173 systemd: Started Resets System Activity Logs.
Dec 24 12:09:06 ip-172-31-40-173 systemd: Started Dump dmesg to /var/log/dmesg.
Dec 24 12:09:06 ip-172-31-40-173 systemd: Started NTP client/server.
Dec 24 12:09:06 ip-172-31-40-173 systemd: Started Hardware RNG Entropy Gatherer Wake threshold service.
Dec 24 12:09:06 ip-172-31-40-173 systemd: Started ACPI Event Daemon.
Dec 24 12:09:06 ip-172-31-40-173 systemd: Started Hardware RNG Entropy Gatherer Daemon.
Dec 24 12:09:06 ip-172-31-40-173 systemd: Reached target NFS client services.
Dec 24 12:09:06 ip-172-31-40-173 systemd: Reached target Remote File Systems (Pre).
Dec 24 12:09:06 ip-172-31-40-173 systemd-logind: New seat seat0.
Dec 24 12:09:06 ip-172-31-40-173 systemd: Reached target Remote File Systems.
Dec 24 12:09:06 ip-172-31-40-173 systemd: Started Login Service.
Dec 24 12:09:06 ip-172-31-40-173 rngd: Disabling 5: JITTER Entropy generator (jitter)
Dec 24 12:09:06 ip-172-31-40-173 rngd: Initializing available sources
Dec 24 12:09:06 ip-172-31-40-173 rngd: Failed to init entropy source hwrng
Dec 24 12:09:06 ip-172-31-40-173 rngd: Enabling RDSEED rng support
Dec 24 12:09:06 ip-172-31-40-173 rngd: Initializing entropy source rdrand
Dec 24 12:09:07 ip-172-31-40-173 cloud-init: Cloud-init v. 19.3-46.amzn2.0.7 running 'init-local' at Wed, 24 Dec 2025 12:09:07 +0000. Up 4.02 seconds.
Dec 24 12:09:07 ip-172-31-40-173 systemd: Started Initial cloud-init job (pre-networking).
Dec 24 12:09:07 ip-172-31-40-173 systemd: Reached target Network (Pre).
Dec 24 12:09:07 ip-172-31-40-173 systemd: Starting LSB: Bring up/down networking...
Dec 24 12:09:07 ip-172-31-40-173 network: Bringing up loopback interface:  [  OK  ]
Dec 24 12:09:07 ip-172-31-40-173 network: Bringing up interface eth0:
Dec 24 12:09:07 ip-172-31-40-173 kernel: ena 0000:00:05.0 eth0: Local page cache is disabled for less than 16 channels
Dec 24 12:09:07 ip-172-31-40-173 dhclient[1982]: DHCPDISCOVER on eth0 to 255.255.255.255 port 67 interval 6 (xid=0xb55b14f)
Dec 24 12:09:07 ip-172-31-40-173 dhclient[1982]: DHCPREQUEST on eth0 to 255.255.255.255 port 67 (xid=0xb55b14f)
Dec 24 12:09:07 ip-172-31-40-173 dhclient[1982]: DHCPOFFER from 172.31.32.1
Dec 24 12:09:07 ip-172-31-40-173 dhclient[1982]: DHCPACK from 172.31.32.1 (xid=0xb55b14f)
Dec 24 12:09:07 ip-172-31-40-173 NET: dhclient: Locked /run/dhclient/resolv.lock
Dec 24 12:09:07 ip-172-31-40-173 NET[2041]: /usr/sbin/dhclient-script : updated /etc/resolv.conf
Dec 24 12:09:07 ip-172-31-40-173 dhclient[1982]: bound to 172.31.40.173 -- renewal in 1361 seconds.
Dec 24 12:09:07 ip-172-31-40-173 ec2net: [get_meta] Querying IMDS for meta-data/network/interfaces/macs/06:16:b5:56:1d:67/local-ipv4s
Dec 24 12:09:07 ip-172-31-40-173 network: Determining IP information for eth0... done.
Dec 24 12:09:07 ip-172-31-40-173 ec2net: [get_meta] Getting token for IMDSv2.
Dec 24 12:09:07 ip-172-31-40-173 ec2net: [get_meta] Trying to get http://169.254.169.254/latest/meta-data/network/interfaces/macs/06:16:b5:56:1d:67/local-ipv4s
Dec 24 12:09:07 ip-172-31-40-173 ec2net: [remove_aliases] Removing aliases of eth0
Dec 24 12:09:07 ip-172-31-40-173 network: Determining IPv6 information for eth0... done.
Dec 24 12:09:07 ip-172-31-40-173 network: [  OK  ]
Dec 24 12:09:07 ip-172-31-40-173 systemd: Started LSB: Bring up/down networking.
Dec 24 12:09:07 ip-172-31-40-173 systemd: Starting Initial cloud-init job (metadata service crawler)...
Dec 24 12:09:07 ip-172-31-40-173 systemd: Reached target Network.
Dec 24 12:09:07 ip-172-31-40-173 systemd: Starting Postfix Mail Transport Agent...
Dec 24 12:09:08 ip-172-31-40-173 dhclient[2104]: XMT: Solicit on eth0, interval 1040ms.
Dec 24 12:09:08 ip-172-31-40-173 cloud-init: Cloud-init v. 19.3-46.amzn2.0.7 running 'init' at Wed, 24 Dec 2025 12:09:08 +0000. Up 5.04 seconds.
Dec 24 12:09:08 ip-172-31-40-173 systemd: Started Postfix Mail Transport Agent.
Dec 24 12:09:08 ip-172-31-40-173 cloud-init: ci-info: ++++++++++++++++++++++++++++++++++++++Net device info+++++++++++++++++++++++++++++++++++++++
Dec 24 12:09:08 ip-172-31-40-173 cloud-init: ci-info: +--------+------+-----------------------------+---------------+--------+-------------------+
Dec 24 12:09:08 ip-172-31-40-173 cloud-init: ci-info: | Device |  Up  |           Address           |      Mask     | Scope  |     Hw-Address    |
Dec 24 12:09:08 ip-172-31-40-173 cloud-init: ci-info: +--------+------+-----------------------------+---------------+--------+-------------------+
Dec 24 12:09:08 ip-172-31-40-173 cloud-init: ci-info: |  eth0  | True |        172.31.40.173        | 255.255.240.0 | global | 06:16:b5:56:1d:67 |
Dec 24 12:09:08 ip-172-31-40-173 cloud-init: ci-info: |  eth0  | True | fe80::416:b5ff:fe56:1d67/64 |       .       |  link  | 06:16:b5:56:1d:67 |
Dec 24 12:09:08 ip-172-31-40-173 cloud-init: ci-info: |   lo   | True |          127.0.0.1          |   255.0.0.0   |  host  |         .         |
Dec 24 12:09:08 ip-172-31-40-173 cloud-init: ci-info: |   lo   | True |           ::1/128           |       .       |  host  |         .         |
Dec 24 12:09:08 ip-172-31-40-173 cloud-init: ci-info: +--------+------+-----------------------------+---------------+--------+-------------------+
Dec 24 12:09:08 ip-172-31-40-173 cloud-init: ci-info: ++++++++++++++++++++++++++++++++Route IPv4 info++++++++++++++++++++++++++++++++
Dec 24 12:09:08 ip-172-31-40-173 cloud-init: ci-info: +-------+-----------------+-------------+-----------------+-----------+-------+
Dec 24 12:09:08 ip-172-31-40-173 cloud-init: ci-info: | Route |   Destination   |   Gateway   |     Genmask     | Interface | Flags |
Dec 24 12:09:08 ip-172-31-40-173 cloud-init: ci-info: +-------+-----------------+-------------+-----------------+-----------+-------+
Dec 24 12:09:08 ip-172-31-40-173 cloud-init: ci-info: |   0   |     0.0.0.0     | 172.31.32.1 |     0.0.0.0     |    eth0   |   UG  |
Dec 24 12:09:08 ip-172-31-40-173 cloud-init: ci-info: |   1   | 169.254.169.254 |   0.0.0.0   | 255.255.255.255 |    eth0   |   UH  |
Dec 24 12:09:08 ip-172-31-40-173 cloud-init: ci-info: |   2   |   172.31.32.0   |   0.0.0.0   |  255.255.240.0  |    eth0   |   U   |
Dec 24 12:09:08 ip-172-31-40-173 cloud-init: ci-info: +-------+-----------------+-------------+-----------------+-----------+-------+
Dec 24 12:09:08 ip-172-31-40-173 cloud-init: ci-info: +++++++++++++++++++Route IPv6 info+++++++++++++++++++
Dec 24 12:09:08 ip-172-31-40-173 cloud-init: ci-info: +-------+-------------+---------+-----------+-------+
Dec 24 12:09:08 ip-172-31-40-173 cloud-init: ci-info: | Route | Destination | Gateway | Interface | Flags |
Dec 24 12:09:08 ip-172-31-40-173 cloud-init: ci-info: +-------+-------------+---------+-----------+-------+
Dec 24 12:09:08 ip-172-31-40-173 cloud-init: ci-info: |   9   |  fe80::/64  |    ::   |    eth0   |   U   |
Dec 24 12:09:08 ip-172-31-40-173 cloud-init: ci-info: |   11  |    local    |    ::   |    eth0   |   U   |
Dec 24 12:09:08 ip-172-31-40-173 cloud-init: ci-info: |   12  |  multicast  |    ::   |    eth0   |   U   |
Dec 24 12:09:08 ip-172-31-40-173 cloud-init: ci-info: +-------+-------------+---------+-----------+-------+
Dec 24 12:09:08 ip-172-31-40-173 dbus[1823]: [system] Activating via systemd: service name='org.freedesktop.hostname1' unit='dbus-org.freedesktop.hostname1.service'
Dec 24 12:09:08 ip-172-31-40-173 systemd: Starting Hostname Service...
Dec 24 12:09:08 ip-172-31-40-173 dbus[1823]: [system] Successfully activated service 'org.freedesktop.hostname1'
Dec 24 12:09:08 ip-172-31-40-173 systemd-hostnamed: Changed static host name to 'ip-172-31-40-173.ap-southeast-1.compute.internal'
Dec 24 12:09:08 ip-172-31-40-173 systemd-hostnamed: Changed host name to 'ip-172-31-40-173.ap-southeast-1.compute.internal'
Dec 24 12:09:08 ip-172-31-40-173 systemd: Started Hostname Service.
Dec 24 12:09:09 ip-172-31-40-173 systemd: Started Initial cloud-init job (metadata service crawler).
Dec 24 12:09:09 ip-172-31-40-173 systemd: Reached target Cloud-config availability.
Dec 24 12:09:09 ip-172-31-40-173 systemd: Starting Permit User Sessions...
Dec 24 12:09:09 ip-172-31-40-173 systemd: Starting OpenSSH Server Key Generation...
Dec 24 12:09:09 ip-172-31-40-173 systemd: Reached target Network is Online.
Dec 24 12:09:09 ip-172-31-40-173 systemd: Starting Apply the settings specified in cloud-config...
Dec 24 12:09:09 ip-172-31-40-173 systemd: Starting Notify NFS peers of a restart...
Dec 24 12:09:09 ip-172-31-40-173 systemd: Starting Dynamically Generate Message Of The Day...
Dec 24 12:09:09 ip-172-31-40-173 systemd: Starting System Logging Service...
Dec 24 12:09:09 ip-172-31-40-173 systemd: Started amazon-ssm-agent.
Dec 24 12:09:09 ip-172-31-40-173 systemd: Starting Finds and configures elastic network interfaces...
Dec 24 12:09:09 ip-172-31-40-173 sm-notify[2301]: Version 1.3.0 starting
Dec 24 12:09:09 ip-172-31-40-173 systemd: Started Permit User Sessions.
Dec 24 12:09:09 ip-172-31-40-173 systemd: Started Notify NFS peers of a restart.
Dec 24 12:09:09 ip-172-31-40-173 systemd: Starting Wait for Plymouth Boot Screen to Quit...
Dec 24 12:09:09 ip-172-31-40-173 systemd: Started Job spooling tools.
Dec 24 12:09:09 ip-172-31-40-173 systemd: Started Command Scheduler.
Dec 24 12:09:09 ip-172-31-40-173 rsyslogd: [origin software="rsyslogd" swVersion="8.24.0-57.amzn2.2.0.2" x-pid="2303" x-info="http://www.rsyslog.com"] start
Dec 24 12:09:09 ip-172-31-40-173 ec2net: [ec2ifscan] Scanning for unconfigured interfaces
Dec 24 12:09:09 ip-172-31-40-173 systemd: Starting Terminate Plymouth Boot Screen...
Dec 24 12:09:09 ip-172-31-40-173 systemd: Started System Logging Service.
Dec 24 12:09:09 ip-172-31-40-173 systemd: Started Finds and configures elastic network interfaces.
Dec 24 12:09:09 ip-172-31-40-173 systemd: Received SIGRTMIN+21 from PID 1633 (plymouthd).
Dec 24 12:09:09 ip-172-31-40-173 systemd: Started Wait for Plymouth Boot Screen to Quit.
Dec 24 12:09:09 ip-172-31-40-173 systemd: Started Terminate Plymouth Boot Screen.
Dec 24 12:09:09 ip-172-31-40-173 systemd: Started Getty on tty1.
Dec 24 12:09:09 ip-172-31-40-173 systemd: Started Serial Getty on ttyS0.
Dec 24 12:09:09 ip-172-31-40-173 systemd: Reached target Login Prompts.
Dec 24 12:09:09 ip-172-31-40-173 systemd: Started Dynamically Generate Message Of The Day.
Dec 24 12:09:09 ip-172-31-40-173 amazon-ssm-agent: Error occurred fetching the seelog config file path:  open /etc/amazon/ssm/seelog.xml: no such file or directory
Dec 24 12:09:09 ip-172-31-40-173 amazon-ssm-agent: Initializing new seelog logger
Dec 24 12:09:09 ip-172-31-40-173 amazon-ssm-agent: New Seelog Logger Creation Complete
Dec 24 12:09:09 ip-172-31-40-173 amazon-ssm-agent: 2025-12-24 12:09:09.3054 INFO Proxy environment variables:
Dec 24 12:09:09 ip-172-31-40-173 sshd-keygen: Generating SSH2 RSA host key: [  OK  ]
Dec 24 12:09:09 ip-172-31-40-173 amazon-ssm-agent: 2025-12-24 12:09:09.3073 INFO https_proxy:
Dec 24 12:09:09 ip-172-31-40-173 sshd-keygen: Generating SSH2 ECDSA host key: [  OK  ]
Dec 24 12:09:09 ip-172-31-40-173 sshd-keygen: Generating SSH2 ED25519 host key: [  OK  ]
Dec 24 12:09:09 ip-172-31-40-173 systemd: Started OpenSSH Server Key Generation.
Dec 24 12:09:09 ip-172-31-40-173 systemd: Starting OpenSSH server daemon...
Dec 24 12:09:09 ip-172-31-40-173 systemd: Started OpenSSH server daemon.
Dec 24 12:09:09 ip-172-31-40-173 dhclient[2104]: XMT: Solicit on eth0, interval 1990ms.
Dec 24 12:09:09 ip-172-31-40-173 amazon-ssm-agent: 2025-12-24 12:09:09.3073 INFO http_proxy:
Dec 24 12:09:09 ip-172-31-40-173 amazon-ssm-agent: 2025-12-24 12:09:09.3073 INFO no_proxy:
Dec 24 12:09:09 ip-172-31-40-173 cloud-init: Cloud-init v. 19.3-46.amzn2.0.7 running 'modules:config' at Wed, 24 Dec 2025 12:09:09 +0000. Up 6.24 seconds.
Dec 24 12:09:09 ip-172-31-40-173 amazon-ssm-agent: 2025-12-24 12:09:09.3073 INFO Checking if agent identity type OnPrem can be assumed
Dec 24 12:09:09 ip-172-31-40-173 systemd: Started Apply the settings specified in cloud-config.
Dec 24 12:09:09 ip-172-31-40-173 systemd: Starting Execute cloud user/final scripts...
Dec 24 12:09:09 ip-172-31-40-173 systemd: Started Initial hibernation setup job.
Dec 24 12:09:09 ip-172-31-40-173 systemd: Reached target Multi-User System.
Dec 24 12:09:09 ip-172-31-40-173 systemd: Reached target Graphical Interface.
Dec 24 12:09:09 ip-172-31-40-173 systemd: Reached target aws-eb.target.
Dec 24 12:09:09 ip-172-31-40-173 systemd: Starting Update UTMP about System Runlevel Changes...
Dec 24 12:09:09 ip-172-31-40-173 systemd: Started Update UTMP about System Runlevel Changes.
Dec 24 12:09:09 ip-172-31-40-173 amazon-ssm-agent: 2025-12-24 12:09:09.3074 INFO Checking if agent identity type EC2 can be assumed
Dec 24 12:09:09 ip-172-31-40-173 hibinit-agent: Effective config: {'grub_update': True, 'touch_swap': False, 'swap_mb': 4000, 'swap_percentage': 100, 'btrfs_enabled': False, 'swapoff': 'swapoff {swapfile}', 'mkswap': 'mkswap {swapfile}', 'log_to_syslog': True, 'swapon': 'swapon {swapfile}', 'state_dir': '/var/lib/hibinit-agent'}
Dec 24 12:09:09 ip-172-31-40-173 hibinit-agent: Requesting new IMDSv2 token.
Dec 24 12:09:09 ip-172-31-40-173 hibinit-agent: Instance Launch has not enabled Hibernation Configured Flag. hibinit-agent exiting!!
Dec 24 12:09:09 ip-172-31-40-173 amazon-ssm-agent: 2025-12-24 12:09:09.3674 INFO Agent will take identity from EC2
Dec 24 12:09:09 ip-172-31-40-173 amazon-ssm-agent: 2025-12-24 12:09:09.3691 INFO Telemetry initialized
Dec 24 12:09:10 ip-172-31-40-173 cloud-init: Cloud-init v. 19.3-46.amzn2.0.7 running 'modules:final' at Wed, 24 Dec 2025 12:09:10 +0000. Up 6.64 seconds.
Dec 24 12:09:10 ip-172-31-40-173 [eb-cfn-init]: [2025-12-24T12:09:10Z] Started EB User Data
Dec 24 12:09:10 ip-172-31-40-173 [eb-cfn-init]: + SLEEP_TIME=2
Dec 24 12:09:10 ip-172-31-40-173 [eb-cfn-init]: + SLEEP_TIME_MAX=3600
Dec 24 12:09:10 ip-172-31-40-173 [eb-cfn-init]: + true
Dec 24 12:09:10 ip-172-31-40-173 [eb-cfn-init]: + curl https://elasticbeanstalk-platform-assets-ap-southeast-1.s3.ap-southeast-1.amazonaws.com/stalks/eb_docker_amazon_linux_2_1.0.1329.0_20251211143445/lib/UserDataScript.sh
Dec 24 12:09:10 ip-172-31-40-173 amazon-ssm-agent: 2025-12-24 12:09:09.3722 INFO [amazon-ssm-agent] amazon-ssm-agent - v3.3.3050.0
Dec 24 12:09:10 ip-172-31-40-173 [eb-cfn-init]:  % Total    % Received % Xferd  Average Speed   Time    Time     Time  Current
Dec 24 12:09:10 ip-172-31-40-173 [eb-cfn-init]:                                 Dload  Upload   Total   Spent    Left  Speed
Dec 24 12:09:10 ip-172-31-40-173 [eb-cfn-init]: #015  0     0    0     0    0     0      0      0 --:--:-- --:--:-- --:--:--     0#015100  4838  100  4838    0     0   118k      0 --:--:-- --:--:-- --:--:--  121k
Dec 24 12:09:10 ip-172-31-40-173 [eb-cfn-init]: + RESULT=0
Dec 24 12:09:10 ip-172-31-40-173 [eb-cfn-init]: + [[ 0 -ne 0 ]]
Dec 24 12:09:10 ip-172-31-40-173 [eb-cfn-init]: + /bin/bash /tmp/ebbootstrap.sh 'https://cloudformation-waitcondition-ap-southeast-1.s3-ap-southeast-1.amazonaws.com/arn%3Aaws%3Acloudformation%3Aap-southeast-1%3A339712880903%3Astack/awseb-e-ihb3pt2wy6-stack/4061da30-e0c1-11f0-8242-0a4b079746ab/4063d600-e0c1-11f0-8242-0a4b079746ab/AWSEBInstanceLaunchWaitHandle?X-Amz-Algorithm=AWS4-HMAC-SHA256&X-Amz-Date=20251224T120828Z&X-Amz-SignedHeaders=host&X-Amz-Expires=86399&X-Amz-Credential=AKIAXKFFXMS337UUQZVD%2F20251224%2Fap-southeast-1%2Fs3%2Faws4_request&X-Amz-Signature=a0e4ef85c93ce71a8236032ae69296526d7d76158de41b26e8bf97cfc250632f' arn:aws:cloudformation:ap-southeast-1:339712880903:stack/awseb-e-ihb3pt2wy6-stack/4061da30-e0c1-11f0-8242-0a4b079746ab 160b4bd5-70e9-4c84-a6d3-508c463d9545 https://elasticbeanstalk-health.ap-southeast-1.amazonaws.com '' https://elasticbeanstalk-platform-assets-ap-southeast-1.s3.ap-southeast-1.amazonaws.com/stalks/eb_docker_amazon_linux_2_1.0.1329.0_20251211143445 ap-southeast-1
Dec 24 12:09:10 ip-172-31-40-173 [eb-cfn-init]: [2025-12-24T12:09:10.131Z] Started EB Bootstrapping Script.
Dec 24 12:09:10 ip-172-31-40-173 [eb-cfn-init]: [2025-12-24T12:09:10.140Z] Received parameters:
Dec 24 12:09:10 ip-172-31-40-173 [eb-cfn-init]: TARBALLS =
Dec 24 12:09:10 ip-172-31-40-173 [eb-cfn-init]: EB_GEMS =
Dec 24 12:09:10 ip-172-31-40-173 [eb-cfn-init]: SIGNAL_URL = https://cloudformation-waitcondition-ap-southeast-1.s3-ap-southeast-1.amazonaws.com/arn%3Aaws%3Acloudformation%3Aap-southeast-1%3A339712880903%3Astack/awseb-e-ihb3pt2wy6-stack/4061da30-e0c1-11f0-8242-0a4b079746ab/4063d600-e0c1-11f0-8242-0a4b079746ab/AWSEBInstanceLaunchWaitHandle?X-Amz-Algorithm=AWS4-HMAC-SHA256&X-Amz-Date=20251224T120828Z&X-Amz-SignedHeaders=host&X-Amz-Expires=86399&X-Amz-Credential=AKIAXKFFXMS337UUQZVD%2F20251224%2Fap-southeast-1%2Fs3%2Faws4_request&X-Amz-Signature=a0e4ef85c93ce71a8236032ae69296526d7d76158de41b26e8bf97cfc250632f
Dec 24 12:09:10 ip-172-31-40-173 [eb-cfn-init]: STACK_ID = arn:aws:cloudformation:ap-southeast-1:339712880903:stack/awseb-e-ihb3pt2wy6-stack/4061da30-e0c1-11f0-8242-0a4b079746ab
Dec 24 12:09:10 ip-172-31-40-173 [eb-cfn-init]: REGION = ap-southeast-1
Dec 24 12:09:10 ip-172-31-40-173 [eb-cfn-init]: GUID =
Dec 24 12:09:10 ip-172-31-40-173 [eb-cfn-init]: HEALTHD_GROUP_ID = 160b4bd5-70e9-4c84-a6d3-508c463d9545
Dec 24 12:09:10 ip-172-31-40-173 [eb-cfn-init]: HEALTHD_ENDPOINT = https://elasticbeanstalk-health.ap-southeast-1.amazonaws.com
Dec 24 12:09:10 ip-172-31-40-173 [eb-cfn-init]: PROXY_SERVER =
Dec 24 12:09:10 ip-172-31-40-173 [eb-cfn-init]: HEALTHD_PROXY_LOG_LOCATION =
Dec 24 12:09:10 ip-172-31-40-173 [eb-cfn-init]: PLATFORM_ASSETS_URL = https://elasticbeanstalk-platform-assets-ap-southeast-1.s3.ap-southeast-1.amazonaws.com/stalks/eb_docker_amazon_linux_2_1.0.1329.0_20251211143445
Dec 24 12:09:10 ip-172-31-40-173 [eb-cfn-init]: [2025-12-24T12:09:10.148Z] engine url is set to https://elasticbeanstalk-platform-assets-ap-southeast-1.s3.ap-southeast-1.amazonaws.com/stalks/eb_docker_amazon_linux_2_1.0.1329.0_20251211143445/lib/platform-engine.zip
Dec 24 12:09:10 ip-172-31-40-173 [eb-cfn-init]: [2025-12-24T12:09:10.151Z] first init of instance.
Dec 24 12:09:10 ip-172-31-40-173 [eb-cfn-init]: [2025-12-24T12:09:10.154Z] Started executing cfn_init _OnInstanceBoot.
Dec 24 12:09:10 ip-172-31-40-173 [eb-cfn-init]: [2025-12-24T12:09:10.156Z] Running cfn-init ConfigSet: _OnInstanceBoot.
Dec 24 12:09:10 ip-172-31-40-173 [eb-cfn-init]: [2025-12-24T12:09:10.159Z] Using stack-id from userdata
Dec 24 12:09:10 ip-172-31-40-173 amazon-ssm-agent: 2025-12-24 12:09:09.3722 INFO [amazon-ssm-agent] OS: linux, Arch: amd64
Dec 24 12:09:10 ip-172-31-40-173 amazon-ssm-agent: 2025-12-24 12:09:09.3722 INFO [amazon-ssm-agent] Starting Core Agent
Dec 24 12:09:10 ip-172-31-40-173 amazon-ssm-agent: 2025-12-24 12:09:09.3722 INFO [amazon-ssm-agent] Registrar detected. Attempting registration
Dec 24 12:09:10 ip-172-31-40-173 amazon-ssm-agent: 2025-12-24 12:09:09.3722 INFO [Registrar] Starting registrar module
Dec 24 12:09:10 ip-172-31-40-173 amazon-ssm-agent: 2025-12-24 12:09:09.3757 INFO [EC2Identity] Checking disk for registration info
Dec 24 12:09:10 ip-172-31-40-173 amazon-ssm-agent: 2025-12-24 12:09:09.3771 INFO [EC2Identity] No registration info found for ec2 instance, attempting registration
Dec 24 12:09:10 ip-172-31-40-173 amazon-ssm-agent: 2025-12-24 12:09:09.3771 INFO [EC2Identity] Found registration keys
Dec 24 12:09:10 ip-172-31-40-173 amazon-ssm-agent: 2025-12-24 12:09:09.3771 INFO [EC2Identity] Checking write access before registering
Dec 24 12:09:10 ip-172-31-40-173 amazon-ssm-agent: 2025-12-24 12:09:09.3773 INFO [EC2Identity] Registering EC2 instance with Systems Manager
Dec 24 12:09:11 ip-172-31-40-173 amazon-ssm-agent: 2025-12-24 12:09:09.4196 INFO [EC2Identity] EC2 registration was successful.
Dec 24 12:09:11 ip-172-31-40-173 [eb-cfn-init]: [2025-12-24T12:09:11.144Z] Command Returned:
Dec 24 12:09:11 ip-172-31-40-173 [eb-cfn-init]: [2025-12-24T12:09:11.146Z] Completed executing cfn_init.
Dec 24 12:09:11 ip-172-31-40-173 [eb-cfn-init]: [2025-12-24T12:09:11.148Z] finished _OnInstanceBoot
Dec 24 12:09:11 ip-172-31-40-173 [eb-cfn-init]: [2025-12-24T12:09:11.151Z] installing platform engine
Dec 24 12:09:11 ip-172-31-40-173 amazon-ssm-agent: 2025-12-24 12:09:09.4196 INFO [amazon-ssm-agent] Registration attempted. Resuming core agent startup.
Dec 24 12:09:11 ip-172-31-40-173 amazon-ssm-agent: 2025-12-24 12:09:09.4198 INFO [CredentialRefresher] credentialRefresher has started
Dec 24 12:09:11 ip-172-31-40-173 amazon-ssm-agent: 2025-12-24 12:09:09.4198 INFO [CredentialRefresher] Starting credentials refresher loop
Dec 24 12:09:11 ip-172-31-40-173 amazon-ssm-agent: 2025-12-24 12:09:09.4493 WARN EC2RoleProvider Failed to connect to Systems Manager with instance profile role credentials. Err: retrieved credentials failed to report to ssm. Error: AccessDeniedException: User: arn:aws:sts::339712880903:assumed-role/aws-elasticbeanstalk-ec2-role/i-0c2b1d4bd2021ac66 is not authorized to perform: ssm:UpdateInstanceInformation on resource: arn:aws:ec2:ap-southeast-1:339712880903:instance/i-0c2b1d4bd2021ac66 because no identity-based policy allows the ssm:UpdateInstanceInformation action
Dec 24 12:09:11 ip-172-31-40-173 dhclient[2104]: XMT: Solicit on eth0, interval 3880ms.
Dec 24 12:09:11 ip-172-31-40-173 amazon-ssm-agent: 2025-12-24 12:09:09.4778 ERROR EC2RoleProvider Failed to connect to Systems Manager with SSM role credentials. error calling RequestManagedInstanceRoleToken: AccessDeniedException: Systems Manager's instance management role is not configured for account: 339712880903
Dec 24 12:09:11 ip-172-31-40-173 amazon-ssm-agent: status code: 400, request id: e8db7e3d-c18b-4122-b721-9f314a77ad4f
Dec 24 12:09:11 ip-172-31-40-173 [eb-cfn-init]: 2025-12-24 12:09:11 URL:https://elasticbeanstalk-platform-assets-ap-southeast-1.s3.ap-southeast-1.amazonaws.com/stalks/eb_docker_amazon_linux_2_1.0.1329.0_20251211143445/lib/platform-engine.zip [47314646/47314646] -> "/tmp/platform-engine.zip" [1]
Dec 24 12:09:11 ip-172-31-40-173 amazon-ssm-agent: 2025-12-24 12:09:09.4779 ERROR [CredentialRefresher] Retrieve credentials produced error: no valid credentials could be retrieved for ec2 identity. Default Host Management Err: error calling RequestManagedInstanceRoleToken: AccessDeniedException: Systems Manager's instance management role is not configured for account: 339712880903
Dec 24 12:09:11 ip-172-31-40-173 amazon-ssm-agent: status code: 400, request id: e8db7e3d-c18b-4122-b721-9f314a77ad4f
Dec 24 12:09:11 ip-172-31-40-173 amazon-ssm-agent: 2025-12-24 12:09:09.4779 INFO [CredentialRefresher] Sleeping for 25m19s before retrying retrieve credentials
Dec 24 12:09:11 ip-172-31-40-173 amazon-ssm-agent: 2025-12-24 12:09:09.4781 INFO [SerialPort] Write to serial port: SSM Agent unable to acquire credentials: <error>no valid credentials could be retrieved for ec2 identity. Default Host Management Err: error calling RequestManagedInstanceRoleToken: AccessDeniedException: Systems Manager's instance management role is not configured for account: 339712880903
Dec 24 12:09:11 ip-172-31-40-173 amazon-ssm-agent: status code: 400, request id: e8db7e3d-c18b-4122-b721-9f314a77ad4f</error>
Dec 24 12:09:12 ip-172-31-40-173 [eb-cfn-init]: [2025-12-24T12:09:12.485Z] executing platform engine. see /var/log/eb-engine.log.
Dec 24 12:09:12 ip-172-31-40-173 chronyd[1822]: Selected source 169.254.169.123
Dec 24 12:09:13 ip-172-31-40-173 chronyd[1822]: System clock was stepped by 0.022548 seconds
Dec 24 12:09:13 ip-172-31-40-173 systemd: Time has been changed
Dec 24 12:09:13 ip-172-31-40-173 systemd: Reloading.
Dec 24 12:09:13 ip-172-31-40-173 systemd: Reloading.
Dec 24 12:09:13 ip-172-31-40-173 systemd: Reloading.
Dec 24 12:09:13 ip-172-31-40-173 systemd: Starting This is cfn-hup daemon...
Dec 24 12:09:13 ip-172-31-40-173 systemd: Started This is cfn-hup daemon.
Dec 24 12:09:13 ip-172-31-40-173 systemd: Stopping System Logging Service...
Dec 24 12:09:13 ip-172-31-40-173 rsyslogd: [origin software="rsyslogd" swVersion="8.24.0-57.amzn2.2.0.2" x-pid="2303" x-info="http://www.rsyslog.com"] exiting on signal 15.
Dec 24 12:09:13 ip-172-31-40-173 systemd: Stopped System Logging Service.
Dec 24 12:09:13 ip-172-31-40-173 systemd: Starting System Logging Service...
Dec 24 12:09:13 ip-172-31-40-173 rsyslogd: [origin software="rsyslogd" swVersion="8.24.0-57.amzn2.2.0.2" x-pid="2535" x-info="http://www.rsyslog.com"] start
Dec 24 12:09:13 ip-172-31-40-173 systemd: Started System Logging Service.
Dec 24 12:09:13 ip-172-31-40-173 systemd: Reloading.
Dec 24 12:09:13 ip-172-31-40-173 systemd: Starting Docker Socket for the API.
Dec 24 12:09:13 ip-172-31-40-173 systemd: Starting containerd container runtime...
Dec 24 12:09:13 ip-172-31-40-173 systemd: Listening on Docker Socket for the API.
Dec 24 12:09:14 ip-172-31-40-173 containerd: time="2025-12-24T12:09:14.038637491Z" level=info msg="starting containerd" revision=fcd43222d6b07379a4be9786bda52438f0dd16a1 version=2.1.5
Dec 24 12:09:14 ip-172-31-40-173 containerd: time="2025-12-24T12:09:14.056376377Z" level=info msg="loading plugin" id=io.containerd.content.v1.content type=io.containerd.content.v1
Dec 24 12:09:14 ip-172-31-40-173 containerd: time="2025-12-24T12:09:14.056454741Z" level=info msg="loading plugin" id=io.containerd.image-verifier.v1.bindir type=io.containerd.image-verifier.v1
Dec 24 12:09:14 ip-172-31-40-173 containerd: time="2025-12-24T12:09:14.056479843Z" level=info msg="loading plugin" id=io.containerd.internal.v1.opt type=io.containerd.internal.v1
Dec 24 12:09:14 ip-172-31-40-173 containerd: time="2025-12-24T12:09:14.056631207Z" level=info msg="loading plugin" id=io.containerd.warning.v1.deprecations type=io.containerd.warning.v1
Dec 24 12:09:14 ip-172-31-40-173 containerd: time="2025-12-24T12:09:14.056649993Z" level=info msg="loading plugin" id=io.containerd.snapshotter.v1.blockfile type=io.containerd.snapshotter.v1
Dec 24 12:09:14 ip-172-31-40-173 containerd: time="2025-12-24T12:09:14.056717069Z" level=info msg="skip loading plugin" error="no scratch file generator: skip plugin" id=io.containerd.snapshotter.v1.blockfile type=io.containerd.snapshotter.v1
Dec 24 12:09:14 ip-172-31-40-173 containerd: time="2025-12-24T12:09:14.056732951Z" level=info msg="loading plugin" id=io.containerd.snapshotter.v1.btrfs type=io.containerd.snapshotter.v1
Dec 24 12:09:14 ip-172-31-40-173 containerd: time="2025-12-24T12:09:14.056953781Z" level=info msg="skip loading plugin" error="path /var/lib/containerd/io.containerd.snapshotter.v1.btrfs (xfs) must be a btrfs filesystem to be used with the btrfs snapshotter: skip plugin" id=io.containerd.snapshotter.v1.btrfs type=io.containerd.snapshotter.v1
Dec 24 12:09:14 ip-172-31-40-173 containerd: time="2025-12-24T12:09:14.056975977Z" level=info msg="loading plugin" id=io.containerd.snapshotter.v1.devmapper type=io.containerd.snapshotter.v1
Dec 24 12:09:14 ip-172-31-40-173 containerd: time="2025-12-24T12:09:14.056992533Z" level=info msg="skip loading plugin" error="devmapper not configured: skip plugin" id=io.containerd.snapshotter.v1.devmapper type=io.containerd.snapshotter.v1
Dec 24 12:09:14 ip-172-31-40-173 containerd: time="2025-12-24T12:09:14.057005890Z" level=info msg="loading plugin" id=io.containerd.snapshotter.v1.erofs type=io.containerd.snapshotter.v1
Dec 24 12:09:14 ip-172-31-40-173 containerd: time="2025-12-24T12:09:14.057199623Z" level=info msg="skip loading plugin" error="EROFS unsupported, please `modprobe erofs`: skip plugin" id=io.containerd.snapshotter.v1.erofs type=io.containerd.snapshotter.v1
Dec 24 12:09:14 ip-172-31-40-173 containerd: time="2025-12-24T12:09:14.057219970Z" level=info msg="loading plugin" id=io.containerd.snapshotter.v1.native type=io.containerd.snapshotter.v1
Dec 24 12:09:14 ip-172-31-40-173 containerd: time="2025-12-24T12:09:14.057286078Z" level=info msg="loading plugin" id=io.containerd.snapshotter.v1.overlayfs type=io.containerd.snapshotter.v1
Dec 24 12:09:14 ip-172-31-40-173 containerd: time="2025-12-24T12:09:14.059574628Z" level=info msg="loading plugin" id=io.containerd.snapshotter.v1.zfs type=io.containerd.snapshotter.v1
Dec 24 12:09:14 ip-172-31-40-173 containerd: time="2025-12-24T12:09:14.059653273Z" level=info msg="skip loading plugin" error="lstat /var/lib/containerd/io.containerd.snapshotter.v1.zfs: no such file or directory: skip plugin" id=io.containerd.snapshotter.v1.zfs type=io.containerd.snapshotter.v1
Dec 24 12:09:14 ip-172-31-40-173 containerd: time="2025-12-24T12:09:14.059671216Z" level=info msg="loading plugin" id=io.containerd.event.v1.exchange type=io.containerd.event.v1
Dec 24 12:09:14 ip-172-31-40-173 containerd: time="2025-12-24T12:09:14.061603249Z" level=info msg="loading plugin" id=io.containerd.monitor.task.v1.cgroups type=io.containerd.monitor.task.v1
Dec 24 12:09:14 ip-172-31-40-173 containerd: time="2025-12-24T12:09:14.064343834Z" level=info msg="loading plugin" id=io.containerd.snapshotter.v1.soci type=io.containerd.snapshotter.v1
Dec 24 12:09:14 ip-172-31-40-173 containerd: time="2025-12-24T12:09:14.066722354Z" level=info msg="loading plugin" id=io.containerd.metadata.v1.bolt type=io.containerd.metadata.v1
Dec 24 12:09:14 ip-172-31-40-173 containerd: time="2025-12-24T12:09:14.066817234Z" level=info msg="metadata content store policy set" policy=shared
Dec 24 12:09:14 ip-172-31-40-173 containerd: time="2025-12-24T12:09:14.076258361Z" level=info msg="loading plugin" id=io.containerd.gc.v1.scheduler type=io.containerd.gc.v1
Dec 24 12:09:14 ip-172-31-40-173 containerd: time="2025-12-24T12:09:14.076339581Z" level=info msg="loading plugin" id=io.containerd.differ.v1.erofs type=io.containerd.differ.v1
Dec 24 12:09:14 ip-172-31-40-173 containerd: time="2025-12-24T12:09:14.076398208Z" level=info msg="skip loading plugin" error="could not find mkfs.erofs: exec: \"mkfs.erofs\": executable file not found in $PATH: skip plugin" id=io.containerd.differ.v1.erofs type=io.containerd.differ.v1
Dec 24 12:09:14 ip-172-31-40-173 containerd: time="2025-12-24T12:09:14.076420906Z" level=info msg="loading plugin" id=io.containerd.differ.v1.walking type=io.containerd.differ.v1
Dec 24 12:09:14 ip-172-31-40-173 containerd: time="2025-12-24T12:09:14.076447601Z" level=info msg="loading plugin" id=io.containerd.lease.v1.manager type=io.containerd.lease.v1
Dec 24 12:09:14 ip-172-31-40-173 containerd: time="2025-12-24T12:09:14.076472104Z" level=info msg="loading plugin" id=io.containerd.service.v1.containers-service type=io.containerd.service.v1
Dec 24 12:09:14 ip-172-31-40-173 containerd: time="2025-12-24T12:09:14.076486696Z" level=info msg="loading plugin" id=io.containerd.service.v1.content-service type=io.containerd.service.v1
Dec 24 12:09:14 ip-172-31-40-173 containerd: time="2025-12-24T12:09:14.076497309Z" level=info msg="loading plugin" id=io.containerd.service.v1.diff-service type=io.containerd.service.v1
Dec 24 12:09:14 ip-172-31-40-173 containerd: time="2025-12-24T12:09:14.076512563Z" level=info msg="loading plugin" id=io.containerd.service.v1.images-service type=io.containerd.service.v1
Dec 24 12:09:14 ip-172-31-40-173 containerd: time="2025-12-24T12:09:14.076524302Z" level=info msg="loading plugin" id=io.containerd.service.v1.introspection-service type=io.containerd.service.v1
Dec 24 12:09:14 ip-172-31-40-173 containerd: time="2025-12-24T12:09:14.076535659Z" level=info msg="loading plugin" id=io.containerd.service.v1.namespaces-service type=io.containerd.service.v1
Dec 24 12:09:14 ip-172-31-40-173 containerd: time="2025-12-24T12:09:14.076545877Z" level=info msg="loading plugin" id=io.containerd.service.v1.snapshots-service type=io.containerd.service.v1
Dec 24 12:09:14 ip-172-31-40-173 containerd: time="2025-12-24T12:09:14.076559140Z" level=info msg="loading plugin" id=io.containerd.shim.v1.manager type=io.containerd.shim.v1
Dec 24 12:09:14 ip-172-31-40-173 containerd: time="2025-12-24T12:09:14.076577842Z" level=info msg="loading plugin" id=io.containerd.runtime.v2.task type=io.containerd.runtime.v2
Dec 24 12:09:14 ip-172-31-40-173 containerd: time="2025-12-24T12:09:14.076676039Z" level=info msg="loading plugin" id=io.containerd.service.v1.tasks-service type=io.containerd.service.v1
Dec 24 12:09:14 ip-172-31-40-173 containerd: time="2025-12-24T12:09:14.076695728Z" level=info msg="loading plugin" id=io.containerd.grpc.v1.containers type=io.containerd.grpc.v1
Dec 24 12:09:14 ip-172-31-40-173 containerd: time="2025-12-24T12:09:14.076709475Z" level=info msg="loading plugin" id=io.containerd.grpc.v1.content type=io.containerd.grpc.v1
Dec 24 12:09:14 ip-172-31-40-173 containerd: time="2025-12-24T12:09:14.076720543Z" level=info msg="loading plugin" id=io.containerd.grpc.v1.diff type=io.containerd.grpc.v1
Dec 24 12:09:14 ip-172-31-40-173 containerd: time="2025-12-24T12:09:14.076740784Z" level=info msg="loading plugin" id=io.containerd.grpc.v1.events type=io.containerd.grpc.v1
Dec 24 12:09:14 ip-172-31-40-173 containerd: time="2025-12-24T12:09:14.076759926Z" level=info msg="loading plugin" id=io.containerd.grpc.v1.images type=io.containerd.grpc.v1
Dec 24 12:09:14 ip-172-31-40-173 containerd: time="2025-12-24T12:09:14.076771882Z" level=info msg="loading plugin" id=io.containerd.grpc.v1.introspection type=io.containerd.grpc.v1
Dec 24 12:09:14 ip-172-31-40-173 containerd: time="2025-12-24T12:09:14.076789975Z" level=info msg="loading plugin" id=io.containerd.grpc.v1.leases type=io.containerd.grpc.v1
Dec 24 12:09:14 ip-172-31-40-173 containerd: time="2025-12-24T12:09:14.076808289Z" level=info msg="loading plugin" id=io.containerd.grpc.v1.namespaces type=io.containerd.grpc.v1
Dec 24 12:09:14 ip-172-31-40-173 containerd: time="2025-12-24T12:09:14.076818764Z" level=info msg="loading plugin" id=io.containerd.sandbox.store.v1.local type=io.containerd.sandbox.store.v1
Dec 24 12:09:14 ip-172-31-40-173 containerd: time="2025-12-24T12:09:14.076830891Z" level=info msg="loading plugin" id=io.containerd.transfer.v1.local type=io.containerd.transfer.v1
Dec 24 12:09:14 ip-172-31-40-173 containerd: time="2025-12-24T12:09:14.076860683Z" level=info msg="loading plugin" id=io.containerd.cri.v1.images type=io.containerd.cri.v1
Dec 24 12:09:14 ip-172-31-40-173 containerd: time="2025-12-24T12:09:14.076924677Z" level=info msg="Get image filesystem path \"/var/lib/containerd/io.containerd.snapshotter.v1.overlayfs\" for snapshotter \"overlayfs\""
Dec 24 12:09:14 ip-172-31-40-173 containerd: time="2025-12-24T12:09:14.076942062Z" level=info msg="Start snapshots syncer"
Dec 24 12:09:14 ip-172-31-40-173 containerd: time="2025-12-24T12:09:14.079284078Z" level=info msg="loading plugin" id=io.containerd.cri.v1.runtime type=io.containerd.cri.v1
Dec 24 12:09:14 ip-172-31-40-173 containerd: time="2025-12-24T12:09:14.079622200Z" level=info msg="starting cri plugin" config="{\"containerd\":{\"defaultRuntimeName\":\"runc\",\"runtimes\":{\"runc\":{\"runtimeType\":\"io.containerd.runc.v2\",\"runtimePath\":\"\",\"PodAnnotations\":null,\"ContainerAnnotations\":null,\"options\":{\"BinaryName\":\"\",\"CriuImagePath\":\"\",\"CriuWorkPath\":\"\",\"IoGid\":0,\"IoUid\":0,\"NoNewKeyring\":false,\"Root\":\"\",\"ShimCgroup\":\"\",\"SystemdCgroup\":false},\"privileged_without_host_devices\":false,\"privileged_without_host_devices_all_devices_allowed\":false,\"cgroupWritable\":false,\"baseRuntimeSpec\":\"\",\"cniConfDir\":\"\",\"cniMaxConfNum\":0,\"snapshotter\":\"\",\"sandboxer\":\"podsandbox\",\"io_type\":\"\"}},\"ignoreBlockIONotEnabledErrors\":false,\"ignoreRdtNotEnabledErrors\":false},\"cni\":{\"binDir\":\"\",\"binDirs\":[\"/opt/cni/bin\"],\"confDir\":\"/etc/cni/net.d\",\"maxConfNum\":1,\"setupSerially\":false,\"confTemplate\":\"\",\"ipPref\":\"\",\"useInternalLoopback\":false},\"enableSelinux\":false,\"selinuxCategoryRange\":1024,\"maxContainerLogLineSize\":16384,\"disableApparmor\":false,\"restrictOOMScoreAdj\":false,\"disableProcMount\":false,\"unsetSeccompProfile\":\"\",\"tolerateMissingHugetlbController\":true,\"disableHugetlbController\":true,\"device_ownership_from_security_context\":false,\"ignoreImageDefinedVolumes\":false,\"netnsMountsUnderStateDir\":false,\"enableUnprivilegedPorts\":true,\"enableUnprivilegedICMP\":true,\"enableCDI\":true,\"cdiSpecDirs\":[\"/etc/cdi\",\"/var/run/cdi\"],\"drainExecSyncIOTimeout\":\"0s\",\"ignoreDeprecationWarnings\":null,\"containerdRootDir\":\"/var/lib/containerd\",\"containerdEndpoint\":\"/run/containerd/containerd.sock\",\"rootDir\":\"/var/lib/containerd/io.containerd.grpc.v1.cri\",\"stateDir\":\"/run/containerd/io.containerd.grpc.v1.cri\"}"
Dec 24 12:09:14 ip-172-31-40-173 containerd: time="2025-12-24T12:09:14.079701245Z" level=info msg="loading plugin" id=io.containerd.podsandbox.controller.v1.podsandbox type=io.containerd.podsandbox.controller.v1
Dec 24 12:09:14 ip-172-31-40-173 containerd: time="2025-12-24T12:09:14.080592569Z" level=info msg="loading plugin" id=io.containerd.sandbox.controller.v1.shim type=io.containerd.sandbox.controller.v1
Dec 24 12:09:14 ip-172-31-40-173 containerd: time="2025-12-24T12:09:14.080730071Z" level=info msg="loading plugin" id=io.containerd.grpc.v1.sandbox-controllers type=io.containerd.grpc.v1
Dec 24 12:09:14 ip-172-31-40-173 containerd: time="2025-12-24T12:09:14.080756873Z" level=info msg="loading plugin" id=io.containerd.grpc.v1.sandboxes type=io.containerd.grpc.v1
Dec 24 12:09:14 ip-172-31-40-173 containerd: time="2025-12-24T12:09:14.080769154Z" level=info msg="loading plugin" id=io.containerd.grpc.v1.snapshots type=io.containerd.grpc.v1
Dec 24 12:09:14 ip-172-31-40-173 containerd: time="2025-12-24T12:09:14.080787182Z" level=info msg="loading plugin" id=io.containerd.streaming.v1.manager type=io.containerd.streaming.v1
Dec 24 12:09:14 ip-172-31-40-173 containerd: time="2025-12-24T12:09:14.080800379Z" level=info msg="loading plugin" id=io.containerd.grpc.v1.streaming type=io.containerd.grpc.v1
Dec 24 12:09:14 ip-172-31-40-173 containerd: time="2025-12-24T12:09:14.080812039Z" level=info msg="loading plugin" id=io.containerd.grpc.v1.tasks type=io.containerd.grpc.v1
Dec 24 12:09:14 ip-172-31-40-173 containerd: time="2025-12-24T12:09:14.080823300Z" level=info msg="loading plugin" id=io.containerd.grpc.v1.transfer type=io.containerd.grpc.v1
Dec 24 12:09:14 ip-172-31-40-173 containerd: time="2025-12-24T12:09:14.080834875Z" level=info msg="loading plugin" id=io.containerd.grpc.v1.version type=io.containerd.grpc.v1
Dec 24 12:09:14 ip-172-31-40-173 containerd: time="2025-12-24T12:09:14.080845738Z" level=info msg="loading plugin" id=io.containerd.monitor.container.v1.restart type=io.containerd.monitor.container.v1
Dec 24 12:09:14 ip-172-31-40-173 containerd: time="2025-12-24T12:09:14.082118059Z" level=info msg="loading plugin" id=io.containerd.tracing.processor.v1.otlp type=io.containerd.tracing.processor.v1
Dec 24 12:09:14 ip-172-31-40-173 containerd: time="2025-12-24T12:09:14.082155551Z" level=info msg="skip loading plugin" error="skip plugin: tracing endpoint not configured" id=io.containerd.tracing.processor.v1.otlp type=io.containerd.tracing.processor.v1
Dec 24 12:09:14 ip-172-31-40-173 containerd: time="2025-12-24T12:09:14.082166428Z" level=info msg="loading plugin" id=io.containerd.internal.v1.tracing type=io.containerd.internal.v1
Dec 24 12:09:14 ip-172-31-40-173 containerd: time="2025-12-24T12:09:14.082184645Z" level=info msg="skip loading plugin" error="skip plugin: tracing endpoint not configured" id=io.containerd.internal.v1.tracing type=io.containerd.internal.v1
Dec 24 12:09:14 ip-172-31-40-173 containerd: time="2025-12-24T12:09:14.082197336Z" level=info msg="loading plugin" id=io.containerd.ttrpc.v1.otelttrpc type=io.containerd.ttrpc.v1
Dec 24 12:09:14 ip-172-31-40-173 containerd: time="2025-12-24T12:09:14.082208270Z" level=info msg="loading plugin" id=io.containerd.grpc.v1.healthcheck type=io.containerd.grpc.v1
Dec 24 12:09:14 ip-172-31-40-173 containerd: time="2025-12-24T12:09:14.082219387Z" level=info msg="loading plugin" id=io.containerd.nri.v1.nri type=io.containerd.nri.v1
Dec 24 12:09:14 ip-172-31-40-173 containerd: time="2025-12-24T12:09:14.082238955Z" level=info msg="runtime interface created"
Dec 24 12:09:14 ip-172-31-40-173 containerd: time="2025-12-24T12:09:14.082245272Z" level=info msg="created NRI interface"
Dec 24 12:09:14 ip-172-31-40-173 containerd: time="2025-12-24T12:09:14.082314526Z" level=info msg="loading plugin" id=io.containerd.grpc.v1.cri type=io.containerd.grpc.v1
Dec 24 12:09:14 ip-172-31-40-173 containerd: time="2025-12-24T12:09:14.082326454Z" level=info msg="Connect containerd service"
Dec 24 12:09:14 ip-172-31-40-173 containerd: time="2025-12-24T12:09:14.082407013Z" level=info msg="using experimental NRI integration - disable nri plugin to prevent this"
Dec 24 12:09:14 ip-172-31-40-173 containerd: time="2025-12-24T12:09:14.084935699Z" level=error msg="failed to load cni during init, please check CRI plugin status before setting up network for pods" error="cni config load failed: no network config found in /etc/cni/net.d: cni plugin not initialized: failed to load cni config"
Dec 24 12:09:14 ip-172-31-40-173 containerd: time="2025-12-24T12:09:14.276780883Z" level=info msg="Start subscribing containerd event"
Dec 24 12:09:14 ip-172-31-40-173 containerd: time="2025-12-24T12:09:14.276852150Z" level=info msg="Start recovering state"
Dec 24 12:09:14 ip-172-31-40-173 containerd: time="2025-12-24T12:09:14.277425049Z" level=info msg="Start event monitor"
Dec 24 12:09:14 ip-172-31-40-173 containerd: time="2025-12-24T12:09:14.277452475Z" level=info msg="Start cni network conf syncer for default"
Dec 24 12:09:14 ip-172-31-40-173 containerd: time="2025-12-24T12:09:14.277481223Z" level=info msg="Start streaming server"
Dec 24 12:09:14 ip-172-31-40-173 containerd: time="2025-12-24T12:09:14.277495092Z" level=info msg="Registered namespace \"k8s.io\" with NRI"
Dec 24 12:09:14 ip-172-31-40-173 containerd: time="2025-12-24T12:09:14.277503405Z" level=info msg="runtime interface starting up..."
Dec 24 12:09:14 ip-172-31-40-173 containerd: time="2025-12-24T12:09:14.277508982Z" level=info msg="starting plugins..."
Dec 24 12:09:14 ip-172-31-40-173 containerd: time="2025-12-24T12:09:14.277527452Z" level=info msg="Synchronizing NRI (plugin) with current runtime state"
Dec 24 12:09:14 ip-172-31-40-173 containerd: time="2025-12-24T12:09:14.278377765Z" level=info msg=serving... address=/run/containerd/containerd.sock.ttrpc
Dec 24 12:09:14 ip-172-31-40-173 containerd: time="2025-12-24T12:09:14.278601891Z" level=info msg=serving... address=/run/containerd/containerd.sock
Dec 24 12:09:14 ip-172-31-40-173 systemd: Started containerd container runtime.
Dec 24 12:09:14 ip-172-31-40-173 systemd: Starting Docker Application Container Engine...
Dec 24 12:09:14 ip-172-31-40-173 containerd: time="2025-12-24T12:09:14.281078810Z" level=info msg="containerd successfully booted in 0.246162s"
Dec 24 12:09:14 ip-172-31-40-173 docker: time="2025-12-24T12:09:14.792907683Z" level=info msg="Starting up"
Dec 24 12:09:14 ip-172-31-40-173 docker: time="2025-12-24T12:09:14.973036647Z" level=info msg="Loading containers: start."
Dec 24 12:09:15 ip-172-31-40-173 kernel: bridge: filtering via arp/ip/ip6tables is no longer available by default. Update your scripts to load br_netfilter if you need this.
Dec 24 12:09:15 ip-172-31-40-173 kernel: Bridge firewalling registered
Dec 24 12:09:15 ip-172-31-40-173 kernel: bpfilter: Loaded bpfilter_umh pid 2628
Dec 24 12:09:15 ip-172-31-40-173 journal: Started bpfilter
Dec 24 12:09:15 ip-172-31-40-173 kernel: Initializing XFRM netlink socket
Dec 24 12:09:15 ip-172-31-40-173 docker: time="2025-12-24T12:09:15.292230551Z" level=info msg="Loading containers: done."
Dec 24 12:09:15 ip-172-31-40-173 docker: time="2025-12-24T12:09:15.309724384Z" level=info msg="Docker daemon" commit=165516e containerd-snapshotter=false storage-driver=overlay2 version=25.0.13
Dec 24 12:09:15 ip-172-31-40-173 docker: time="2025-12-24T12:09:15.309818387Z" level=info msg="Daemon has completed initialization"
Dec 24 12:09:15 ip-172-31-40-173 docker: time="2025-12-24T12:09:15.354251913Z" level=info msg="API listen on /run/docker.sock"
Dec 24 12:09:15 ip-172-31-40-173 systemd: Started Docker Application Container Engine.
Dec 24 12:09:15 ip-172-31-40-173 systemd: Reloading.
Dec 24 12:09:15 ip-172-31-40-173 dhclient[2104]: XMT: Solicit on eth0, interval 7680ms.
Dec 24 12:09:15 ip-172-31-40-173 systemd: Reloading.
Dec 24 12:09:15 ip-172-31-40-173 systemd: Starting This is eb-docker-events daemon...
Dec 24 12:09:15 ip-172-31-40-173 systemd: Started This is eb-docker-events daemon.
Dec 24 12:09:15 ip-172-31-40-173 [eb-cfn-init]: [2025-12-24T12:09:15.582Z] Successfully bootstrapped instance.
Dec 24 12:09:15 ip-172-31-40-173 [eb-cfn-init]: [2025-12-24T12:09:15.587Z] Sending signal 0 to CFN wait condition https://cloudformation-waitcondition-ap-southeast-1.s3-ap-southeast-1.amazonaws.com/arn%3Aaws%3Acloudformation%3Aap-southeast-1%3A339712880903%3Astack/awseb-e-ihb3pt2wy6-stack/4061da30-e0c1-11f0-8242-0a4b079746ab/4063d600-e0c1-11f0-8242-0a4b079746ab/AWSEBInstanceLaunchWaitHandle?X-Amz-Algorithm=AWS4-HMAC-SHA256&X-Amz-Date=20251224T120828Z&X-Amz-SignedHeaders=host&X-Amz-Expires=86399&X-Amz-Credential=AKIAXKFFXMS337UUQZVD%2F20251224%2Fap-southeast-1%2Fs3%2Faws4_request&X-Amz-Signature=a0e4ef85c93ce71a8236032ae69296526d7d76158de41b26e8bf97cfc250632f
Dec 24 12:09:15 ip-172-31-40-173 [eb-cfn-init]: CloudFormation signaled successfully with status SUCCESS
Dec 24 12:09:15 ip-172-31-40-173 [eb-cfn-init]: [2025-12-24T12:09:15.884Z] Tailing /var/log/eb-engine.log
Dec 24 12:09:16 ip-172-31-40-173 [eb-cfn-init]: 
Dec 24 12:09:16 ip-172-31-40-173 [eb-cfn-init]: ******************* eb-engine taillog *******************
Dec 24 12:09:16 ip-172-31-40-173 systemd: Started Execute cloud user/final scripts.
Dec 24 12:09:16 ip-172-31-40-173 [eb-cfn-init]: 2025/12/24 12:09:13.332284 [INFO] cfn-hup is not registered with EB yet, registering it now
Dec 24 12:09:16 ip-172-31-40-173 systemd: Reached target Cloud-init target.
Dec 24 12:09:16 ip-172-31-40-173 [eb-cfn-init]: 2025/12/24 12:09:13.332314 [INFO] Running command: systemctl show -p PartOf cfn-hup.service
Dec 24 12:09:16 ip-172-31-40-173 systemd: Startup finished in 1.263s (kernel) + 796ms (initrd) + 10.497s (userspace) = 12.558s.
Dec 24 12:09:16 ip-172-31-40-173 [eb-cfn-init]: 2025/12/24 12:09:13.339950 [INFO] Running command: systemctl daemon-reload
Dec 24 12:09:16 ip-172-31-40-173 [eb-cfn-init]: 2025/12/24 12:09:13.403923 [INFO] Running command: systemctl reset-failed
Dec 24 12:09:16 ip-172-31-40-173 [eb-cfn-init]: 2025/12/24 12:09:13.408154 [INFO] Running command: systemctl is-enabled aws-eb.target
Dec 24 12:09:16 ip-172-31-40-173 [eb-cfn-init]: 2025/12/24 12:09:13.412004 [INFO] Running command: systemctl enable aws-eb.target
Dec 24 12:09:16 ip-172-31-40-173 [eb-cfn-init]: 2025/12/24 12:09:13.465157 [INFO] Running command: systemctl start aws-eb.target
Dec 24 12:09:16 ip-172-31-40-173 [eb-cfn-init]: 2025/12/24 12:09:13.469313 [INFO] Running command: systemctl enable cfn-hup.service
Dec 24 12:09:16 ip-172-31-40-173 [eb-cfn-init]: 2025/12/24 12:09:13.534667 [INFO] Created symlink from /etc/systemd/system/multi-user.target.wants/cfn-hup.service to /etc/systemd/system/cfn-hup.service.
Dec 24 12:09:16 ip-172-31-40-173 [eb-cfn-init]: 
Dec 24 12:09:16 ip-172-31-40-173 [eb-cfn-init]: 2025/12/24 12:09:13.534703 [INFO] Running command: systemctl is-active cfn-hup.service
Dec 24 12:09:16 ip-172-31-40-173 [eb-cfn-init]: 2025/12/24 12:09:13.539380 [INFO] cfn-hup process is not running, starting it now
Dec 24 12:09:16 ip-172-31-40-173 [eb-cfn-init]: 2025/12/24 12:09:13.539400 [INFO] Running command: systemctl show -p PartOf cfn-hup.service
Dec 24 12:09:16 ip-172-31-40-173 [eb-cfn-init]: 2025/12/24 12:09:13.543753 [INFO] Running command: systemctl is-active cfn-hup.service
